net.qvarford.giraffeed.it.EnhancementResourceTest.libredditFeedsAreFetchedFromReddit=[
<?xml version="1.0" encoding="UTF-8" standalone="no"?>
<atom:feed xmlns:atom="http://www.w3.org/2005/Atom">
    <atom:updated>2023-01-14T18:19:38Z</atom:updated>
    <atom:icon>https://www.redditstatic.com/icon.png/</atom:icon>
    <atom:title>Ace Attorney Circlejerk</atom:title>
    <atom:entry>
        <atom:id>t3_bb8vaf</atom:id>
        <atom:link href="https://libreddit.privacy.qvarford.net/r/AceAttorneyCirclejerk/comments/bb8vaf/yall_fuckers_better_jerk_it_good/"/>
        <atom:published>2019-04-09T14:52:59Z</atom:published>
        <atom:title>Y'all fuckers better jerk it good.</atom:title>
        <atom:content type="html">&lt;!-- SC_OFF --&gt;&lt;div class="md"&gt;&lt;p&gt;As the Ace Attorney HD
            Trilogy has just been released in the West, I&amp;#39;m expecting that a lot of people will make their way
            to &lt;a href="/r/AceAttorney"&gt;r/AceAttorney&lt;/a&gt;, and through them, this subreddit. So,
            newcomers, let&amp;#39;s get some shit straight right out the door.&lt;/p&gt; &lt;p&gt;Firstly, I understand
            that your consoles/PC allow you to easily and quickly screenshot many &amp;quot;haha funny moments&amp;quot;
            in the games. That&amp;#39;s great, and I&amp;#39;m so happy for you. Don&amp;#39;t post them here. This is
            not the place for random screenshots of &amp;quot;lol autopsy report xd&amp;quot; or &amp;quot;haha parrot
            amirite guys&amp;quot; or anything else from the game -- at the very least, your posts should be humorous on
            their own merit because of something that &lt;em&gt;you&lt;/em&gt; have created or done that causes them to
            be humorous, not because they merely exist in the game and you&amp;#39;re just sharing these moments. We&amp;#39;ve
            played the games already, so get those outta here.&lt;/p&gt; &lt;p&gt;The ideal jerk post is funny, meta,
            and completely independent of levels of effort. Whether you&amp;#39;re making original content mocking that
            which already exists, directly linking to the main subreddit, or straight up shitposting like an imbecile
            (ironically, of course), these jerks are the type of goal that this subreddit ought to be aiming for. I
            appreciate any new members of the subreddit, but please ensure that you&amp;#39;re sticking to these very
            vague guidelines.&lt;/p&gt; &lt;p&gt;And you&amp;#39;ll know if you&amp;#39;re not, because I&amp;#39;ll
            gladly remove any posts that are stupid unfunny bullshit.&lt;/p&gt; &lt;p&gt;With that said, welcome to
            AACJ, where we&amp;#39;re all the type of guy that enjoys series as a whole, and we avidly read Agatha
            Christie novels all the time -- and oh man you&amp;#39;ll be constantly remembered about it. Enjoy.&lt;/p&gt;
            &lt;/div&gt;&lt;!-- SC_ON --&gt; &amp;#32; submitted by &amp;#32; &lt;a href="https://www.reddit.com/user/Shymain"&gt;
            /u/Shymain &lt;/a&gt; &lt;br/&gt; &lt;span&gt;&lt;a href="https://www.reddit.com/r/AceAttorneyCirclejerk/comments/bb8vaf/yall_fuckers_better_jerk_it_good/"&gt;[link]&lt;/a&gt;&lt;/span&gt;
            &amp;#32; &lt;span&gt;&lt;a href="https://www.reddit.com/r/AceAttorneyCirclejerk/comments/bb8vaf/yall_fuckers_better_jerk_it_good/"&gt;[comments]&lt;/a&gt;&lt;/span&gt;
        </atom:content>
    </atom:entry>
    <atom:entry>
        <atom:id>t3_10036qp</atom:id>
        <atom:link href="https://libreddit.privacy.qvarford.net/r/AceAttorneyCirclejerk/comments/10036qp/haapynewyear/"/>
        <atom:published>2022-12-31T20:42:27Z</atom:published>
        <atom:title>&#128008;haapy&#128008;newy&#128008;ear&#128008;</atom:title>
        <atom:content type="html">&lt;table&gt; &lt;tr&gt;&lt;td&gt; &lt;a href="https://www.reddit.com/r/AceAttorneyCirclejerk/comments/10036qp/haapynewyear/"&gt;
            &lt;img src="https://preview.redd.it/6oj0pw07pa9a1.jpg?width=640&amp;amp;crop=smart&amp;amp;auto=webp&amp;amp;s=9c3d9b7a3d6959eca168a6291f01d762ce91cf58"
            alt="&#128008;haapy&#128008;newy&#128008;ear&#128008;" title="&#128008;haapy&#128008;newy&#128008;ear&#128008;" /&gt; &lt;/a&gt; &lt;/td&gt;&lt;td&gt;
            &amp;#32; submitted by &amp;#32; &lt;a href="https://www.reddit.com/user/Spudskii"&gt; /u/Spudskii
            &lt;/a&gt; &lt;br/&gt; &lt;span&gt;&lt;a href="https://i.redd.it/6oj0pw07pa9a1.jpg"&gt;[link]&lt;/a&gt;&lt;/span&gt;
            &amp;#32; &lt;span&gt;&lt;a href="https://www.reddit.com/r/AceAttorneyCirclejerk/comments/10036qp/haapynewyear/"&gt;[comments]&lt;/a&gt;&lt;/span&gt;
            &lt;/td&gt;&lt;/tr&gt;&lt;/table&gt;
        </atom:content>
    </atom:entry>
    <atom:entry>
        <atom:id>t3_10bu04x</atom:id>
        <atom:link href="https://libreddit.privacy.qvarford.net/r/AceAttorneyCirclejerk/comments/10bu04x/what_a_cool_guy_hope_he_beats_the_nickel_samurai/"/>
        <atom:published>2023-01-14T17:27:11Z</atom:published>
        <atom:title>What a cool guy, hope he beats the Nickel Samurai this time &#128591;&#128591;</atom:title>
        <atom:content type="html">&lt;table&gt; &lt;tr&gt;&lt;td&gt; &lt;a href="https://www.reddit.com/r/AceAttorneyCirclejerk/comments/10bu04x/what_a_cool_guy_hope_he_beats_the_nickel_samurai/"&gt;
            &lt;img src="https://preview.redd.it/99v8qy1n43ca1.jpg?width=640&amp;amp;crop=smart&amp;amp;auto=webp&amp;amp;s=5e478cb7e27de4d866c36dc3e5991c599d557e22"
            alt="What a cool guy, hope he beats the Nickel Samurai this time &#128591;&#128591;" title="What a cool guy,
            hope he beats the Nickel Samurai this time &#128591;&#128591;" /&gt; &lt;/a&gt; &lt;/td&gt;&lt;td&gt; &amp;#32;
            submitted by &amp;#32; &lt;a href="https://www.reddit.com/user/Oh_Hey_Its_Big_Zam"&gt;
            /u/Oh_Hey_Its_Big_Zam &lt;/a&gt; &lt;br/&gt; &lt;span&gt;&lt;a href="https://i.redd.it/99v8qy1n43ca1.jpg"&gt;[link]&lt;/a&gt;&lt;/span&gt;
            &amp;#32; &lt;span&gt;&lt;a href="https://www.reddit.com/r/AceAttorneyCirclejerk/comments/10bu04x/what_a_cool_guy_hope_he_beats_the_nickel_samurai/"&gt;[comments]&lt;/a&gt;&lt;/span&gt;
            &lt;/td&gt;&lt;/tr&gt;&lt;/table&gt;
        </atom:content>
    </atom:entry>
    <atom:entry>
        <atom:id>t3_10bivnz</atom:id>
        <atom:link href="https://libreddit.privacy.qvarford.net/r/AceAttorneyCirclejerk/comments/10bivnz/the_ratings_rajah/"/>
        <atom:published>2023-01-14T07:49:06Z</atom:published>
        <atom:title>The Ratings Rajah</atom:title>
        <atom:content type="html">&lt;table&gt; &lt;tr&gt;&lt;td&gt; &lt;a href="https://www.reddit.com/r/AceAttorneyCirclejerk/comments/10bivnz/the_ratings_rajah/"&gt;
            &lt;img src="https://preview.redd.it/9ve4menwryba1.png?width=640&amp;amp;crop=smart&amp;amp;auto=webp&amp;amp;s=1f68f220861141db31f3948f513ecb461985688f"
            alt="The Ratings Rajah" title="The Ratings Rajah" /&gt; &lt;/a&gt; &lt;/td&gt;&lt;td&gt;
            &amp;#32; submitted by &amp;#32; &lt;a href="https://www.reddit.com/user/Maple_Siraf"&gt;
            /u/Maple_Siraf &lt;/a&gt; &lt;br/&gt; &lt;span&gt;&lt;a href="https://i.redd.it/9ve4menwryba1.png"&gt;[link]&lt;/a&gt;&lt;/span&gt;
            &amp;#32; &lt;span&gt;&lt;a href="https://www.reddit.com/r/AceAttorneyCirclejerk/comments/10bivnz/the_ratings_rajah/"&gt;[comments]&lt;/a&gt;&lt;/span&gt;
            &lt;/td&gt;&lt;/tr&gt;&lt;/table&gt;
        </atom:content>
    </atom:entry>
    <atom:entry>
        <atom:id>t3_10az16h</atom:id>
        <atom:link href="https://libreddit.privacy.qvarford.net/r/AceAttorneyCirclejerk/comments/10az16h/so_hot/"/>
        <atom:published>2023-01-13T16:41:46Z</atom:published>
        <atom:title>So hot &#129397;&#129397;&#129397;</atom:title>
        <atom:content type="html">&lt;table&gt; &lt;tr&gt;&lt;td&gt; &lt;a href="https://www.reddit.com/r/AceAttorneyCirclejerk/comments/10az16h/so_hot/"&gt;
            &lt;img src="https://preview.redd.it/pnyt56ps9uba1.png?width=640&amp;amp;crop=smart&amp;amp;auto=webp&amp;amp;s=b80e8119e418a93e43cb3549fd725a9953812d0b"
            alt="So hot &#129397;&#129397;&#129397;" title="So hot &#129397;&#129397;&#129397;" /&gt; &lt;/a&gt; &lt;/td&gt;&lt;td&gt; &amp;#32;
            submitted by &amp;#32; &lt;a href="https://www.reddit.com/user/Fravash1"&gt; /u/Fravash1 &lt;/a&gt;
            &lt;br/&gt; &lt;span&gt;&lt;a href="https://i.redd.it/pnyt56ps9uba1.png"&gt;[link]&lt;/a&gt;&lt;/span&gt;
            &amp;#32; &lt;span&gt;&lt;a href="https://www.reddit.com/r/AceAttorneyCirclejerk/comments/10az16h/so_hot/"&gt;[comments]&lt;/a&gt;&lt;/span&gt;
            &lt;/td&gt;&lt;/tr&gt;&lt;/table&gt;
        </atom:content>
    </atom:entry>
    <atom:entry>
        <atom:id>t3_10b0l3e</atom:id>
        <atom:link href="https://libreddit.privacy.qvarford.net/r/AceAttorneyCirclejerk/comments/10b0l3e/wow_what_a_nicelooking_man_surely_he_will_not/"/>
        <atom:published>2023-01-13T17:45:08Z</atom:published>
        <atom:title>Wow! What a nice-looking man! Surely, he will not unironically like eating raw beetroot and stealing it
            from farmers! (inspired by u/Not_sure_lmao)
        </atom:title>
        <atom:content type="html">&lt;table&gt; &lt;tr&gt;&lt;td&gt; &lt;a href="https://www.reddit.com/r/AceAttorneyCirclejerk/comments/10b0l3e/wow_what_a_nicelooking_man_surely_he_will_not/"&gt;
            &lt;img src="https://preview.redd.it/nv3wbw23luba1.jpg?width=640&amp;amp;crop=smart&amp;amp;auto=webp&amp;amp;s=7ffabaa529a8665bfb1b8f7bcc2f246a113a494b"
            alt="Wow! What a nice-looking man! Surely, he will not unironically like eating raw beetroot and
            stealing it from farmers! (inspired by u/Not_sure_lmao)" title="Wow! What a nice-looking man!
            Surely, he will not unironically like eating raw beetroot and stealing it from farmers! (inspired by
            u/Not_sure_lmao)" /&gt; &lt;/a&gt; &lt;/td&gt;&lt;td&gt; &amp;#32; submitted by &amp;#32; &lt;a href="https://www.reddit.com/user/ancientrobot19"&gt;
            /u/ancientrobot19 &lt;/a&gt; &lt;br/&gt; &lt;span&gt;&lt;a href="https://i.redd.it/nv3wbw23luba1.jpg"&gt;[link]&lt;/a&gt;&lt;/span&gt;
            &amp;#32; &lt;span&gt;&lt;a href="https://www.reddit.com/r/AceAttorneyCirclejerk/comments/10b0l3e/wow_what_a_nicelooking_man_surely_he_will_not/"&gt;[comments]&lt;/a&gt;&lt;/span&gt;
            &lt;/td&gt;&lt;/tr&gt;&lt;/table&gt;
        </atom:content>
    </atom:entry>
    <atom:entry>
        <atom:id>t3_10arx3g</atom:id>
        <atom:link href="https://libreddit.privacy.qvarford.net/r/AceAttorneyCirclejerk/comments/10arx3g/someone_poisoned_kristophs_pissklavier_finds_this/"/>
        <atom:published>2023-01-13T11:09:11Z</atom:published>
        <atom:title>Someone poisoned Kristoph's piss(Klavier finds this very funny)</atom:title>
        <atom:content type="html">&lt;table&gt; &lt;tr&gt;&lt;td&gt; &lt;a href="https://www.reddit.com/r/AceAttorneyCirclejerk/comments/10arx3g/someone_poisoned_kristophs_pissklavier_finds_this/"&gt;
            &lt;img src="https://preview.redd.it/vv6srrja4uba1.jpg?width=640&amp;amp;crop=smart&amp;amp;auto=webp&amp;amp;s=034116dfb6b13181b4607fed9b8fc89e62d97dc3"
            alt="Someone poisoned Kristoph's piss(Klavier finds this very funny)" title="Someone poisoned
            Kristoph's piss(Klavier finds this very funny)" /&gt; &lt;/a&gt; &lt;/td&gt;&lt;td&gt; &amp;#32;
            submitted by &amp;#32; &lt;a href="https://www.reddit.com/user/burakalp34"&gt; /u/burakalp34 &lt;/a&gt;
            &lt;br/&gt; &lt;span&gt;&lt;a href="https://i.redd.it/vv6srrja4uba1.jpg"&gt;[link]&lt;/a&gt;&lt;/span&gt;
            &amp;#32; &lt;span&gt;&lt;a href="https://www.reddit.com/r/AceAttorneyCirclejerk/comments/10arx3g/someone_poisoned_kristophs_pissklavier_finds_this/"&gt;[comments]&lt;/a&gt;&lt;/span&gt;
            &lt;/td&gt;&lt;/tr&gt;&lt;/table&gt;
        </atom:content>
    </atom:entry>
    <atom:entry>
        <atom:id>t3_10b2qdw</atom:id>
        <atom:link href="https://libreddit.privacy.qvarford.net/r/AceAttorneyCirclejerk/comments/10b2qdw/guys_how_do_i_pass_this_case_i_know_its_something/"/>
        <atom:published>2023-01-13T19:11:55Z</atom:published>
        <atom:title>Guys how do I pass this case, I know it's something to do with the gloves but I can't find the right
            option
        </atom:title>
        <atom:content type="html">&lt;table&gt; &lt;tr&gt;&lt;td&gt; &lt;a href="https://www.reddit.com/r/AceAttorneyCirclejerk/comments/10b2qdw/guys_how_do_i_pass_this_case_i_know_its_something/"&gt;
            &lt;img src="https://preview.redd.it/bwkoweyeiwba1.jpg?width=640&amp;amp;crop=smart&amp;amp;auto=webp&amp;amp;s=96c6e60d75aa343cca31c20ee1e059e821001f95"
            alt="Guys how do I pass this case, I know it's something to do with the gloves but I can't find the
            right option" title="Guys how do I pass this case, I know it's something to do with the gloves but
            I can't find the right option" /&gt; &lt;/a&gt; &lt;/td&gt;&lt;td&gt; &amp;#32; submitted by &amp;#32;
            &lt;a href="https://www.reddit.com/user/burakalp34"&gt; /u/burakalp34 &lt;/a&gt; &lt;br/&gt; &lt;span&gt;&lt;a
            href="https://i.redd.it/bwkoweyeiwba1.jpg"&gt;[link]&lt;/a&gt;&lt;/span&gt; &amp;#32; &lt;span&gt;&lt;a
            href="https://www.reddit.com/r/AceAttorneyCirclejerk/comments/10b2qdw/guys_how_do_i_pass_this_case_i_know_its_something/"&gt;[comments]&lt;/a&gt;&lt;/span&gt;
            &lt;/td&gt;&lt;/tr&gt;&lt;/table&gt;
        </atom:content>
    </atom:entry>
    <atom:entry>
        <atom:id>t3_10atxnv</atom:id>
        <atom:link href="https://libreddit.privacy.qvarford.net/r/AceAttorneyCirclejerk/comments/10atxnv/carcinisation_or_carcinization_is_an_example_of/"/>
        <atom:published>2023-01-13T12:58:54Z</atom:published>
        <atom:title>Carcinisation (or carcinization) is an example of convergent evolution in which an Ace Attorney character
            evolves into a crab-like form from a non-crab-like form
        </atom:title>
        <atom:content type="html">&lt;table&gt; &lt;tr&gt;&lt;td&gt; &lt;a href="https://www.reddit.com/r/AceAttorneyCirclejerk/comments/10atxnv/carcinisation_or_carcinization_is_an_example_of/"&gt;
            &lt;img src="https://b.thumbs.redditmedia.com/RqkZiZsmUXDbZpZHZy1ugdwxQXhop_ghXUbHR0itG7g.jpg"
            alt="Carcinisation (or carcinization) is an example of convergent evolution in which an Ace Attorney
            character evolves into a crab-like form from a non-crab-like form" title="Carcinisation (or
            carcinization) is an example of convergent evolution in which an Ace Attorney character evolves into a
            crab-like form from a non-crab-like form" /&gt; &lt;/a&gt; &lt;/td&gt;&lt;td&gt; &amp;#32; submitted by
            &amp;#32; &lt;a href="https://www.reddit.com/user/serniczek2"&gt; /u/serniczek2 &lt;/a&gt; &lt;br/&gt;
            &lt;span&gt;&lt;a href="https://www.reddit.com/gallery/10atxnv"&gt;[link]&lt;/a&gt;&lt;/span&gt;
            &amp;#32; &lt;span&gt;&lt;a href="https://www.reddit.com/r/AceAttorneyCirclejerk/comments/10atxnv/carcinisation_or_carcinization_is_an_example_of/"&gt;[comments]&lt;/a&gt;&lt;/span&gt;
            &lt;/td&gt;&lt;/tr&gt;&lt;/table&gt;
        </atom:content>
    </atom:entry>
    <atom:entry>
        <atom:id>t3_10ayn48</atom:id>
        <atom:link href="https://libreddit.privacy.qvarford.net/r/AceAttorneyCirclejerk/comments/10ayn48/guys_i_fixed_it/"/>
        <atom:published>2023-01-13T16:25:44Z</atom:published>
        <atom:title>guys i fixed it</atom:title>
        <atom:content type="html">&lt;table&gt; &lt;tr&gt;&lt;td&gt; &lt;a href="https://www.reddit.com/r/AceAttorneyCirclejerk/comments/10ayn48/guys_i_fixed_it/"&gt;
            &lt;img src="https://preview.redd.it/isem6xk87uba1.png?width=640&amp;amp;crop=smart&amp;amp;auto=webp&amp;amp;s=fed1c5c6d6b400925241a824f42b08ab626f329e"
            alt="guys i fixed it" title="guys i fixed it" /&gt; &lt;/a&gt; &lt;/td&gt;&lt;td&gt;
            &amp;#32; submitted by &amp;#32; &lt;a href="https://www.reddit.com/user/class378best2"&gt;
            /u/class378best2 &lt;/a&gt; &lt;br/&gt; &lt;span&gt;&lt;a href="https://i.redd.it/isem6xk87uba1.png"&gt;[link]&lt;/a&gt;&lt;/span&gt;
            &amp;#32; &lt;span&gt;&lt;a href="https://www.reddit.com/r/AceAttorneyCirclejerk/comments/10ayn48/guys_i_fixed_it/"&gt;[comments]&lt;/a&gt;&lt;/span&gt;
            &lt;/td&gt;&lt;/tr&gt;&lt;/table&gt;
        </atom:content>
    </atom:entry>
    <atom:entry>
        <atom:id>t3_10azbeg</atom:id>
        <atom:link href="https://libreddit.privacy.qvarford.net/r/AceAttorneyCirclejerk/comments/10azbeg/damn_girl/"/>
        <atom:published>2023-01-13T16:53:36Z</atom:published>
        <atom:title>Damn girl</atom:title>
        <atom:content type="html">&lt;table&gt; &lt;tr&gt;&lt;td&gt; &lt;a href="https://www.reddit.com/r/AceAttorneyCirclejerk/comments/10azbeg/damn_girl/"&gt;
            &lt;img src="https://external-preview.redd.it/QVSvxpERO6O5C7uRaT0T20SX6-H2fKx6enwRK-mJScI.png?width=640&amp;amp;crop=smart&amp;amp;auto=webp&amp;amp;s=5a3a3af810dd73ff9ed8c299d10e84278102d49a"
            alt="Damn girl" title="Damn girl" /&gt; &lt;/a&gt; &lt;/td&gt;&lt;td&gt; &amp;#32;
            submitted by &amp;#32; &lt;a href="https://www.reddit.com/user/cosmideity"&gt; /u/cosmideity &lt;/a&gt;
            &lt;br/&gt; &lt;span&gt;&lt;a href="https://v.redd.it/r63p1wd7cuba1"&gt;[link]&lt;/a&gt;&lt;/span&gt;
            &amp;#32; &lt;span&gt;&lt;a href="https://www.reddit.com/r/AceAttorneyCirclejerk/comments/10azbeg/damn_girl/"&gt;[comments]&lt;/a&gt;&lt;/span&gt;
            &lt;/td&gt;&lt;/tr&gt;&lt;/table&gt;
        </atom:content>
    </atom:entry>
    <atom:entry>
        <atom:id>t3_10ac0mi</atom:id>
        <atom:link href="https://libreddit.privacy.qvarford.net/r/AceAttorneyCirclejerk/comments/10ac0mi/your_honor_his_eyebrow_hair_shifted_36_nanometres/"/>
        <atom:published>2023-01-12T21:56:35Z</atom:published>
        <atom:title>Your honor, his eyebrow hair shifted 3.6 nanometres to the left when he made that statement, lock him
            up!
        </atom:title>
        <atom:content type="html">&lt;table&gt; &lt;tr&gt;&lt;td&gt; &lt;a href="https://www.reddit.com/r/AceAttorneyCirclejerk/comments/10ac0mi/your_honor_his_eyebrow_hair_shifted_36_nanometres/"&gt;
            &lt;img src="https://preview.redd.it/zdiqf5vv6qba1.jpg?width=640&amp;amp;crop=smart&amp;amp;auto=webp&amp;amp;s=7b0ce15474c4ae725ef536944fbcbf909bb9b983"
            alt="Your honor, his eyebrow hair shifted 3.6 nanometres to the left when he made that statement, lock
            him up!" title="Your honor, his eyebrow hair shifted 3.6 nanometres to the left when he made that
            statement, lock him up!" /&gt; &lt;/a&gt; &lt;/td&gt;&lt;td&gt; &amp;#32; submitted by &amp;#32; &lt;a
            href="https://www.reddit.com/user/alibigoodoperator"&gt; /u/alibigoodoperator &lt;/a&gt; &lt;br/&gt;
            &lt;span&gt;&lt;a href="https://i.redd.it/zdiqf5vv6qba1.jpg"&gt;[link]&lt;/a&gt;&lt;/span&gt;
            &amp;#32; &lt;span&gt;&lt;a href="https://www.reddit.com/r/AceAttorneyCirclejerk/comments/10ac0mi/your_honor_his_eyebrow_hair_shifted_36_nanometres/"&gt;[comments]&lt;/a&gt;&lt;/span&gt;
            &lt;/td&gt;&lt;/tr&gt;&lt;/table&gt;
        </atom:content>
    </atom:entry>
    <atom:entry>
        <atom:id>t3_10awkti</atom:id>
        <atom:link href="https://libreddit.privacy.qvarford.net/r/AceAttorneyCirclejerk/comments/10awkti/apoollo_juice_test_shimeji/"/>
        <atom:published>2023-01-13T14:59:25Z</atom:published>
        <atom:title>apoollo juice test shimeji</atom:title>
        <atom:content type="html">&lt;table&gt; &lt;tr&gt;&lt;td&gt; &lt;a href="https://www.reddit.com/r/AceAttorneyCirclejerk/comments/10awkti/apoollo_juice_test_shimeji/"&gt;
            &lt;img src="https://external-preview.redd.it/B6ZrsLh56woFiWOiifH2A2DDfiSJuYSeoXTFGwQhXmM.png?width=640&amp;amp;crop=smart&amp;amp;auto=webp&amp;amp;s=34e8ae4db5c5b6e438a9a3aa7fea97d30067ac5c"
            alt="apoollo juice test shimeji" title="apoollo juice test shimeji" /&gt; &lt;/a&gt;
            &lt;/td&gt;&lt;td&gt; &amp;#32; submitted by &amp;#32; &lt;a href="https://www.reddit.com/user/Key-Address-4550"&gt;
            /u/Key-Address-4550 &lt;/a&gt; &lt;br/&gt; &lt;span&gt;&lt;a href="https://v.redd.it/1q7mpgfurtba1"&gt;[link]&lt;/a&gt;&lt;/span&gt;
            &amp;#32; &lt;span&gt;&lt;a href="https://www.reddit.com/r/AceAttorneyCirclejerk/comments/10awkti/apoollo_juice_test_shimeji/"&gt;[comments]&lt;/a&gt;&lt;/span&gt;
            &lt;/td&gt;&lt;/tr&gt;&lt;/table&gt;
        </atom:content>
    </atom:entry>
    <atom:entry>
        <atom:id>t3_10a4xrf</atom:id>
        <atom:link href="https://libreddit.privacy.qvarford.net/r/AceAttorneyCirclejerk/comments/10a4xrf/_/"/>
        <atom:published>2023-01-12T17:14:58Z</atom:published>
        <atom:title>!!!</atom:title>
        <atom:content type="html">&lt;table&gt; &lt;tr&gt;&lt;td&gt; &lt;a href="https://www.reddit.com/r/AceAttorneyCirclejerk/comments/10a4xrf/_/"&gt;
            &lt;img src="https://preview.redd.it/pviq12y3bnba1.png?width=640&amp;amp;crop=smart&amp;amp;auto=webp&amp;amp;s=9467d99c8f9f61ccfb4b4a8ccbf20c6f27197162"
            alt="!!!" title="!!!" /&gt; &lt;/a&gt; &lt;/td&gt;&lt;td&gt; &amp;#32; submitted by
            &amp;#32; &lt;a href="https://www.reddit.com/user/ShrimpingSomething"&gt; /u/ShrimpingSomething
            &lt;/a&gt; &lt;br/&gt; &lt;span&gt;&lt;a href="https://i.redd.it/pviq12y3bnba1.png"&gt;[link]&lt;/a&gt;&lt;/span&gt;
            &amp;#32; &lt;span&gt;&lt;a href="https://www.reddit.com/r/AceAttorneyCirclejerk/comments/10a4xrf/_/"&gt;[comments]&lt;/a&gt;&lt;/span&gt;
            &lt;/td&gt;&lt;/tr&gt;&lt;/table&gt;
        </atom:content>
    </atom:entry>
    <atom:entry>
        <atom:id>t3_10a04iz</atom:id>
        <atom:link href="https://libreddit.privacy.qvarford.net/r/AceAttorneyCirclejerk/comments/10a04iz/the_worst_meme_i_have_ever_made/"/>
        <atom:published>2023-01-12T13:51:02Z</atom:published>
        <atom:title>The worst meme I have ever made</atom:title>
        <atom:content type="html">&lt;table&gt; &lt;tr&gt;&lt;td&gt; &lt;a href="https://www.reddit.com/r/AceAttorneyCirclejerk/comments/10a04iz/the_worst_meme_i_have_ever_made/"&gt;
            &lt;img src="https://preview.redd.it/2jmfgz89snba1.jpg?width=640&amp;amp;crop=smart&amp;amp;auto=webp&amp;amp;s=6ed073391568a4bc109c442de93489f8c00960c9"
            alt="The worst meme I have ever made" title="The worst meme I have ever made" /&gt; &lt;/a&gt;
            &lt;/td&gt;&lt;td&gt; &amp;#32; submitted by &amp;#32; &lt;a href="https://www.reddit.com/user/burakalp34"&gt;
            /u/burakalp34 &lt;/a&gt; &lt;br/&gt; &lt;span&gt;&lt;a href="https://i.redd.it/2jmfgz89snba1.jpg"&gt;[link]&lt;/a&gt;&lt;/span&gt;
            &amp;#32; &lt;span&gt;&lt;a href="https://www.reddit.com/r/AceAttorneyCirclejerk/comments/10a04iz/the_worst_meme_i_have_ever_made/"&gt;[comments]&lt;/a&gt;&lt;/span&gt;
            &lt;/td&gt;&lt;/tr&gt;&lt;/table&gt;
        </atom:content>
    </atom:entry>
    <atom:entry>
        <atom:id>t3_109urvd</atom:id>
        <atom:link href="https://libreddit.privacy.qvarford.net/r/AceAttorneyCirclejerk/comments/109urvd/the_judge_be_like/"/>
        <atom:published>2023-01-12T08:43:43Z</atom:published>
        <atom:title>The Judge be like</atom:title>
        <atom:content type="html">&lt;table&gt; &lt;tr&gt;&lt;td&gt; &lt;a href="https://www.reddit.com/r/AceAttorneyCirclejerk/comments/109urvd/the_judge_be_like/"&gt;
            &lt;img src="https://preview.redd.it/i1xgmngf9mba1.jpg?width=320&amp;amp;crop=smart&amp;amp;auto=webp&amp;amp;s=61e2d9d003c89e1dc4ecd8ff4d1eccbf741b9f7e"
            alt="The Judge be like" title="The Judge be like" /&gt; &lt;/a&gt; &lt;/td&gt;&lt;td&gt;
            &amp;#32; submitted by &amp;#32; &lt;a href="https://www.reddit.com/user/burakalp34"&gt;
            /u/burakalp34 &lt;/a&gt; &lt;br/&gt; &lt;span&gt;&lt;a href="https://i.redd.it/i1xgmngf9mba1.jpg"&gt;[link]&lt;/a&gt;&lt;/span&gt;
            &amp;#32; &lt;span&gt;&lt;a href="https://www.reddit.com/r/AceAttorneyCirclejerk/comments/109urvd/the_judge_be_like/"&gt;[comments]&lt;/a&gt;&lt;/span&gt;
            &lt;/td&gt;&lt;/tr&gt;&lt;/table&gt;
        </atom:content>
    </atom:entry>
    <atom:entry>
        <atom:id>t3_10a7b7o</atom:id>
        <atom:link href="https://libreddit.privacy.qvarford.net/r/AceAttorneyCirclejerk/comments/10a7b7o/real/"/>
        <atom:published>2023-01-12T18:51:13Z</atom:published>
        <atom:title>real</atom:title>
        <atom:content type="html">&lt;table&gt; &lt;tr&gt;&lt;td&gt; &lt;a href="https://www.reddit.com/r/AceAttorneyCirclejerk/comments/10a7b7o/real/"&gt;
            &lt;img src="https://preview.redd.it/fhwosagasnba1.jpg?width=640&amp;amp;crop=smart&amp;amp;auto=webp&amp;amp;s=53ecd599da1296b422b0bc8ed8c8512e491189d3"
            alt="real" title="real" /&gt; &lt;/a&gt; &lt;/td&gt;&lt;td&gt; &amp;#32; submitted by
            &amp;#32; &lt;a href="https://www.reddit.com/user/ArtemSapog"&gt; /u/ArtemSapog &lt;/a&gt; &lt;br/&gt;
            &lt;span&gt;&lt;a href="https://i.redd.it/fhwosagasnba1.jpg"&gt;[link]&lt;/a&gt;&lt;/span&gt;
            &amp;#32; &lt;span&gt;&lt;a href="https://www.reddit.com/r/AceAttorneyCirclejerk/comments/10a7b7o/real/"&gt;[comments]&lt;/a&gt;&lt;/span&gt;
            &lt;/td&gt;&lt;/tr&gt;&lt;/table&gt;
        </atom:content>
    </atom:entry>
    <atom:entry>
        <atom:id>t3_10a64nd</atom:id>
        <atom:link href="https://libreddit.privacy.qvarford.net/r/AceAttorneyCirclejerk/comments/10a64nd/describe_a_character_in_your_favorite_case_as_a/"/>
        <atom:published>2023-01-12T18:03:28Z</atom:published>
        <atom:title>Describe a character in your favorite case as a Florida man headline</atom:title>
        <atom:content type="html">&lt;!-- SC_OFF --&gt;&lt;div class="md"&gt;&lt;p&gt;Example: Rookie Florida
            attorney solves a 12 year old case.&lt;/p&gt; &lt;p&gt;My example: Florida teen gets chess pieces thrown at
            him which gives him the strength to put his own father in jail.&lt;/p&gt; &lt;/div&gt;&lt;!-- SC_ON --&gt;
            &amp;#32; submitted by &amp;#32; &lt;a href="https://www.reddit.com/user/Grouchy-While9151"&gt;
            /u/Grouchy-While9151 &lt;/a&gt; &lt;br/&gt; &lt;span&gt;&lt;a href="https://www.reddit.com/r/AceAttorneyCirclejerk/comments/10a64nd/describe_a_character_in_your_favorite_case_as_a/"&gt;[link]&lt;/a&gt;&lt;/span&gt;
            &amp;#32; &lt;span&gt;&lt;a href="https://www.reddit.com/r/AceAttorneyCirclejerk/comments/10a64nd/describe_a_character_in_your_favorite_case_as_a/"&gt;[comments]&lt;/a&gt;&lt;/span&gt;
        </atom:content>
    </atom:entry>
    <atom:entry>
        <atom:id>t3_109wjss</atom:id>
        <atom:link href="https://libreddit.privacy.qvarford.net/r/AceAttorneyCirclejerk/comments/109wjss/major_aai2_spoilers_but_moozilla_tho/"/>
        <atom:published>2023-01-12T10:34:39Z</atom:published>
        <atom:title>[MAJOR AAI2 SPOILERS] but Moozilla tho</atom:title>
        <atom:content type="html">&amp;#32; submitted by &amp;#32; &lt;a href="https://www.reddit.com/user/poripato"&gt;
            /u/poripato &lt;/a&gt; &lt;br/&gt; &lt;span&gt;&lt;a href="https://i.redd.it/rpd0vs49blba1.png"&gt;[link]&lt;/a&gt;&lt;/span&gt;
            &amp;#32; &lt;span&gt;&lt;a href="https://www.reddit.com/r/AceAttorneyCirclejerk/comments/109wjss/major_aai2_spoilers_but_moozilla_tho/"&gt;[comments]&lt;/a&gt;&lt;/span&gt;
        </atom:content>
    </atom:entry>
    <atom:entry>
        <atom:id>t3_109uyob</atom:id>
        <atom:link href="https://libreddit.privacy.qvarford.net/r/AceAttorneyCirclejerk/comments/109uyob/whos_gonna_win/"/>
        <atom:published>2023-01-12T08:56:22Z</atom:published>
        <atom:title>Who's gonna win</atom:title>
        <atom:content type="html">&lt;table&gt; &lt;tr&gt;&lt;td&gt; &lt;a href="https://www.reddit.com/r/AceAttorneyCirclejerk/comments/109uyob/whos_gonna_win/"&gt;
            &lt;img src="https://preview.redd.it/dolkbvmobmba1.jpg?width=640&amp;amp;crop=smart&amp;amp;auto=webp&amp;amp;s=285f468ca245cc3371d80a3abd03d9b785c30684"
            alt="Who's gonna win" title="Who's gonna win" /&gt; &lt;/a&gt; &lt;/td&gt;&lt;td&gt;
            &amp;#32; submitted by &amp;#32; &lt;a href="https://www.reddit.com/user/burakalp34"&gt;
            /u/burakalp34 &lt;/a&gt; &lt;br/&gt; &lt;span&gt;&lt;a href="https://i.redd.it/dolkbvmobmba1.jpg"&gt;[link]&lt;/a&gt;&lt;/span&gt;
            &amp;#32; &lt;span&gt;&lt;a href="https://www.reddit.com/r/AceAttorneyCirclejerk/comments/109uyob/whos_gonna_win/"&gt;[comments]&lt;/a&gt;&lt;/span&gt;
            &lt;/td&gt;&lt;/tr&gt;&lt;/table&gt;
        </atom:content>
    </atom:entry>
    <atom:entry>
        <atom:id>t3_109dml2</atom:id>
        <atom:link href="https://libreddit.privacy.qvarford.net/r/AceAttorneyCirclejerk/comments/109dml2/ties_are_the_danganronpa_hair_of_ace_attorney/"/>
        <atom:published>2023-01-11T19:34:14Z</atom:published>
        <atom:title>ties are the Danganronpa hair of ace attorney</atom:title>
        <atom:content type="html">&lt;table&gt; &lt;tr&gt;&lt;td&gt; &lt;a href="https://www.reddit.com/r/AceAttorneyCirclejerk/comments/109dml2/ties_are_the_danganronpa_hair_of_ace_attorney/"&gt;
            &lt;img src="https://preview.redd.it/vesxhskkciba1.jpg?width=640&amp;amp;crop=smart&amp;amp;auto=webp&amp;amp;s=92cf271f111f97bc958e566d85fc0b8974669d16"
            alt="ties are the Danganronpa hair of ace attorney" title="ties are the Danganronpa hair of
            ace attorney" /&gt; &lt;/a&gt; &lt;/td&gt;&lt;td&gt; &amp;#32; submitted by &amp;#32; &lt;a href="https://www.reddit.com/user/NoThatsWright"&gt;
            /u/NoThatsWright &lt;/a&gt; &lt;br/&gt; &lt;span&gt;&lt;a href="https://i.redd.it/vesxhskkciba1.jpg"&gt;[link]&lt;/a&gt;&lt;/span&gt;
            &amp;#32; &lt;span&gt;&lt;a href="https://www.reddit.com/r/AceAttorneyCirclejerk/comments/109dml2/ties_are_the_danganronpa_hair_of_ace_attorney/"&gt;[comments]&lt;/a&gt;&lt;/span&gt;
            &lt;/td&gt;&lt;/tr&gt;&lt;/table&gt;
        </atom:content>
    </atom:entry>
    <atom:entry>
        <atom:id>t3_109q8dx</atom:id>
        <atom:link href="https://libreddit.privacy.qvarford.net/r/AceAttorneyCirclejerk/comments/109q8dx/both_have_been_in_a_murder_trial_too/"/>
        <atom:published>2023-01-12T04:29:01Z</atom:published>
        <atom:title>Both have been in a murder trial too :)</atom:title>
        <atom:content type="html">&lt;table&gt; &lt;tr&gt;&lt;td&gt; &lt;a href="https://www.reddit.com/r/AceAttorneyCirclejerk/comments/109q8dx/both_have_been_in_a_murder_trial_too/"&gt;
            &lt;img src="https://preview.redd.it/te15ygjzzkba1.png?width=640&amp;amp;crop=smart&amp;amp;auto=webp&amp;amp;s=af9dfa875d394f4d2fdaceabf0ef48940a228f0b"
            alt="Both have been in a murder trial too :)" title="Both have been in a murder trial too :)"
            /&gt; &lt;/a&gt; &lt;/td&gt;&lt;td&gt; &amp;#32; submitted by &amp;#32; &lt;a href="https://www.reddit.com/user/JazzyPringle"&gt;
            /u/JazzyPringle &lt;/a&gt; &lt;br/&gt; &lt;span&gt;&lt;a href="https://i.redd.it/te15ygjzzkba1.png"&gt;[link]&lt;/a&gt;&lt;/span&gt;
            &amp;#32; &lt;span&gt;&lt;a href="https://www.reddit.com/r/AceAttorneyCirclejerk/comments/109q8dx/both_have_been_in_a_murder_trial_too/"&gt;[comments]&lt;/a&gt;&lt;/span&gt;
            &lt;/td&gt;&lt;/tr&gt;&lt;/table&gt;
        </atom:content>
    </atom:entry>
    <atom:entry>
        <atom:id>t3_109s77o</atom:id>
        <atom:link href="https://libreddit.privacy.qvarford.net/r/AceAttorneyCirclejerk/comments/109s77o/spoilers_for_the_wrong_trowsers/"/>
        <atom:published>2023-01-12T06:11:32Z</atom:published>
        <atom:title>SPOILERS FOR THE WRONG TROWSERS!!!</atom:title>
        <atom:content type="html">&amp;#32; submitted by &amp;#32; &lt;a href="https://www.reddit.com/user/AffectionateBee8206"&gt;
            /u/AffectionateBee8206 &lt;/a&gt; &lt;br/&gt; &lt;span&gt;&lt;a href="https://i.redd.it/bhk2805r0kba1.jpg"&gt;[link]&lt;/a&gt;&lt;/span&gt;
            &amp;#32; &lt;span&gt;&lt;a href="https://www.reddit.com/r/AceAttorneyCirclejerk/comments/109s77o/spoilers_for_the_wrong_trowsers/"&gt;[comments]&lt;/a&gt;&lt;/span&gt;
        </atom:content>
    </atom:entry>
    <atom:entry>
        <atom:id>t3_109gv8j</atom:id>
        <atom:link href="https://libreddit.privacy.qvarford.net/r/AceAttorneyCirclejerk/comments/109gv8j/and_we_thought_pisstoph_was_bad_enough/"/>
        <atom:published>2023-01-11T21:41:04Z</atom:published>
        <atom:title>And we thought Pisstoph was bad enough</atom:title>
        <atom:content type="html">&lt;table&gt; &lt;tr&gt;&lt;td&gt; &lt;a href="https://www.reddit.com/r/AceAttorneyCirclejerk/comments/109gv8j/and_we_thought_pisstoph_was_bad_enough/"&gt;
            &lt;img src="https://preview.redd.it/2g88zzc7ziba1.jpg?width=640&amp;amp;crop=smart&amp;amp;auto=webp&amp;amp;s=c23eb93cd79448b6e912e037449cd38d0376a7c9"
            alt="And we thought Pisstoph was bad enough" title="And we thought Pisstoph was bad enough"
            /&gt; &lt;/a&gt; &lt;/td&gt;&lt;td&gt; &amp;#32; submitted by &amp;#32; &lt;a href="https://www.reddit.com/user/sumboionline"&gt;
            /u/sumboionline &lt;/a&gt; &lt;br/&gt; &lt;span&gt;&lt;a href="https://i.redd.it/2g88zzc7ziba1.jpg"&gt;[link]&lt;/a&gt;&lt;/span&gt;
            &amp;#32; &lt;span&gt;&lt;a href="https://www.reddit.com/r/AceAttorneyCirclejerk/comments/109gv8j/and_we_thought_pisstoph_was_bad_enough/"&gt;[comments]&lt;/a&gt;&lt;/span&gt;
            &lt;/td&gt;&lt;/tr&gt;&lt;/table&gt;
        </atom:content>
    </atom:entry>
    <atom:entry>
        <atom:id>t3_1092zix</atom:id>
        <atom:link href="https://libreddit.privacy.qvarford.net/r/AceAttorneyCirclejerk/comments/1092zix/valentines_be_like/"/>
        <atom:published>2023-01-11T11:59:05Z</atom:published>
        <atom:title>valentines be like:</atom:title>
        <atom:content type="html">&lt;table&gt; &lt;tr&gt;&lt;td&gt; &lt;a href="https://www.reddit.com/r/AceAttorneyCirclejerk/comments/1092zix/valentines_be_like/"&gt;
            &lt;img src="https://preview.redd.it/ywek4q5d3gba1.png?width=640&amp;amp;crop=smart&amp;amp;auto=webp&amp;amp;s=e0f42402deec324b1efa5d641fd4c613377de554"
            alt="valentines be like:" title="valentines be like:" /&gt; &lt;/a&gt; &lt;/td&gt;&lt;td&gt;
            &amp;#32; submitted by &amp;#32; &lt;a href="https://www.reddit.com/user/Key-Address-4550"&gt;
            /u/Key-Address-4550 &lt;/a&gt; &lt;br/&gt; &lt;span&gt;&lt;a href="https://i.redd.it/ywek4q5d3gba1.png"&gt;[link]&lt;/a&gt;&lt;/span&gt;
            &amp;#32; &lt;span&gt;&lt;a href="https://www.reddit.com/r/AceAttorneyCirclejerk/comments/1092zix/valentines_be_like/"&gt;[comments]&lt;/a&gt;&lt;/span&gt;
            &lt;/td&gt;&lt;/tr&gt;&lt;/table&gt;
        </atom:content>
    </atom:entry>
    <atom:entry>
        <atom:id>t3_1099cdu</atom:id>
        <atom:link href="https://libreddit.privacy.qvarford.net/r/AceAttorneyCirclejerk/comments/1099cdu/ok_then_he_likes_to_be_stepped_on_apparently/"/>
        <atom:published>2023-01-11T16:47:56Z</atom:published>
        <atom:title>Ok then he likes to be stepped on apparently</atom:title>
        <atom:content type="html">&lt;table&gt; &lt;tr&gt;&lt;td&gt; &lt;a href="https://www.reddit.com/r/AceAttorneyCirclejerk/comments/1099cdu/ok_then_he_likes_to_be_stepped_on_apparently/"&gt;
            &lt;img src="https://preview.redd.it/z53aanowihba1.jpg?width=640&amp;amp;crop=smart&amp;amp;auto=webp&amp;amp;s=95c93d8daec66f23044bd87a380961b4417e529f"
            alt="Ok then he likes to be stepped on apparently" title="Ok then he likes to be stepped on
            apparently" /&gt; &lt;/a&gt; &lt;/td&gt;&lt;td&gt; &amp;#32; submitted by &amp;#32; &lt;a href="https://www.reddit.com/user/CommercialKey4144"&gt;
            /u/CommercialKey4144 &lt;/a&gt; &lt;br/&gt; &lt;span&gt;&lt;a href="https://i.redd.it/z53aanowihba1.jpg"&gt;[link]&lt;/a&gt;&lt;/span&gt;
            &amp;#32; &lt;span&gt;&lt;a href="https://www.reddit.com/r/AceAttorneyCirclejerk/comments/1099cdu/ok_then_he_likes_to_be_stepped_on_apparently/"&gt;[comments]&lt;/a&gt;&lt;/span&gt;
            &lt;/td&gt;&lt;/tr&gt;&lt;/table&gt;
        </atom:content>
    </atom:entry>
    <atom:entry>
        <atom:id>t3_109eo96</atom:id>
        <atom:link href="https://libreddit.privacy.qvarford.net/r/AceAttorneyCirclejerk/comments/109eo96/okay_something_thats_been_bothering_me_for_a/"/>
        <atom:published>2023-01-11T20:14:57Z</atom:published>
        <atom:title>Okay, something that’s been bothering me for a while: Kristoph Gavin’s piss, is it supposed to be pink or
            red?
        </atom:title>
        <atom:content type="html">&amp;#32; submitted by &amp;#32; &lt;a href="https://www.reddit.com/user/Difficult-echo-53862"&gt;
            /u/Difficult-echo-53862 &lt;/a&gt; &lt;br/&gt; &lt;span&gt;&lt;a href="https://www.reddit.com/r/AceAttorneyCirclejerk/comments/109eo96/okay_something_thats_been_bothering_me_for_a/"&gt;[link]&lt;/a&gt;&lt;/span&gt;
            &amp;#32; &lt;span&gt;&lt;a href="https://www.reddit.com/r/AceAttorneyCirclejerk/comments/109eo96/okay_something_thats_been_bothering_me_for_a/"&gt;[comments]&lt;/a&gt;&lt;/span&gt;
        </atom:content>
    </atom:entry>
</atom:feed>

]