net.qvarford.giraffeed.it.EnhancementResourceTest.libredditFeedsAreFetchedFromReddit=[
<?xml version="1.0" encoding="UTF-8" standalone="no"?>
<atom:feed xmlns:atom="http://www.w3.org/2005/Atom">
    <atom:updated>2023-01-14T18:19:38Z</atom:updated>
    <atom:icon>https://www.redditstatic.com/icon.png/</atom:icon>
    <atom:title>Ace Attorney Circlejerk</atom:title>
    <atom:entry>
        <atom:id>t3_bb8vaf</atom:id>
        <atom:link href="https://libreddit.privacy.qvarford.net/r/AceAttorneyCirclejerk/comments/bb8vaf/yall_fuckers_better_jerk_it_good/"/>
        <atom:published>2019-04-09T14:52:59Z</atom:published>
        <atom:title>Y'all fuckers better jerk it good.</atom:title>
        <atom:content type="html">&lt;!-- SC_OFF --&gt;
&lt;html&gt;
 &lt;head&gt;&lt;/head&gt;
 &lt;body&gt;
  &lt;div class="md"&gt;
   &lt;p&gt;As the Ace Attorney HD Trilogy has just been released in the West, I'm expecting that a lot of people will make their way to &lt;a href="/r/AceAttorney"&gt;r/AceAttorney&lt;/a&gt;, and through them, this subreddit. So, newcomers, let's get some shit straight right out the door.&lt;/p&gt;
   &lt;p&gt;Firstly, I understand that your consoles/PC allow you to easily and quickly screenshot many "haha funny moments" in the games. That's great, and I'm so happy for you. Don't post them here. This is not the place for random screenshots of "lol autopsy report xd" or "haha parrot amirite guys" or anything else from the game -- at the very least, your posts should be humorous on their own merit because of something that &lt;em&gt;you&lt;/em&gt; have created or done that causes them to be humorous, not because they merely exist in the game and you're just sharing these moments. We've played the games already, so get those outta here.&lt;/p&gt;
   &lt;p&gt;The ideal jerk post is funny, meta, and completely independent of levels of effort. Whether you're making original content mocking that which already exists, directly linking to the main subreddit, or straight up shitposting like an imbecile (ironically, of course), these jerks are the type of goal that this subreddit ought to be aiming for. I appreciate any new members of the subreddit, but please ensure that you're sticking to these very vague guidelines.&lt;/p&gt;
   &lt;p&gt;And you'll know if you're not, because I'll gladly remove any posts that are stupid unfunny bullshit.&lt;/p&gt;
   &lt;p&gt;With that said, welcome to AACJ, where we're all the type of guy that enjoys series as a whole, and we avidly read Agatha Christie novels all the time -- and oh man you'll be constantly remembered about it. Enjoy.&lt;/p&gt;
  &lt;/div&gt;&lt;!-- SC_ON --&gt; submitted by &lt;a href="https://libreddit.privacy.qvarford.net/user/Shymain"&gt; /u/Shymain &lt;/a&gt; &lt;br&gt; &lt;span&gt;&lt;a href="https://libreddit.privacy.qvarford.net/r/AceAttorneyCirclejerk/comments/bb8vaf/yall_fuckers_better_jerk_it_good/"&gt;[link]&lt;/a&gt;&lt;/span&gt; &lt;span&gt;&lt;a href="https://libreddit.privacy.qvarford.net/r/AceAttorneyCirclejerk/comments/bb8vaf/yall_fuckers_better_jerk_it_good/"&gt;[comments]&lt;/a&gt;&lt;/span&gt;
 &lt;/body&gt;
&lt;/html&gt;</atom:content>
    </atom:entry>
    <atom:entry>
        <atom:id>t3_10036qp</atom:id>
        <atom:link href="https://libreddit.privacy.qvarford.net/r/AceAttorneyCirclejerk/comments/10036qp/haapynewyear/"/>
        <atom:published>2022-12-31T20:42:27Z</atom:published>
        <atom:title>&#128008;haapy&#128008;newy&#128008;ear&#128008;</atom:title>
        <atom:content type="html">&lt;html&gt;
 &lt;head&gt;&lt;/head&gt;
 &lt;body&gt;
  &lt;table&gt;
   &lt;tbody&gt;
    &lt;tr&gt;
     &lt;td&gt;&lt;a href="https://libreddit.privacy.qvarford.net/r/AceAttorneyCirclejerk/comments/10036qp/haapynewyear/"&gt; &lt;img src="https://libreddit.privacy.qvarford.net/img/6oj0pw07pa9a1.jpg" alt="&#128008;haapy&#128008;newy&#128008;ear&#128008;" title="&#128008;haapy&#128008;newy&#128008;ear&#128008;"&gt; &lt;/a&gt;&lt;/td&gt;
     &lt;td&gt;submitted by &lt;a href="https://libreddit.privacy.qvarford.net/user/Spudskii"&gt; /u/Spudskii &lt;/a&gt; &lt;br&gt; &lt;span&gt;&lt;a href="https://libreddit.privacy.qvarford.net/img/6oj0pw07pa9a1.jpg"&gt;[link]&lt;/a&gt;&lt;/span&gt; &lt;span&gt;&lt;a href="https://libreddit.privacy.qvarford.net/r/AceAttorneyCirclejerk/comments/10036qp/haapynewyear/"&gt;[comments]&lt;/a&gt;&lt;/span&gt;&lt;/td&gt;
    &lt;/tr&gt;
   &lt;/tbody&gt;
  &lt;/table&gt;
 &lt;/body&gt;
&lt;/html&gt;</atom:content>
    </atom:entry>
    <atom:entry>
        <atom:id>t3_10bu04x</atom:id>
        <atom:link href="https://libreddit.privacy.qvarford.net/r/AceAttorneyCirclejerk/comments/10bu04x/what_a_cool_guy_hope_he_beats_the_nickel_samurai/"/>
        <atom:published>2023-01-14T17:27:11Z</atom:published>
        <atom:title>What a cool guy, hope he beats the Nickel Samurai this time &#128591;&#128591;</atom:title>
        <atom:content type="html">&lt;html&gt;
 &lt;head&gt;&lt;/head&gt;
 &lt;body&gt;
  &lt;table&gt;
   &lt;tbody&gt;
    &lt;tr&gt;
     &lt;td&gt;&lt;a href="https://libreddit.privacy.qvarford.net/r/AceAttorneyCirclejerk/comments/10bu04x/what_a_cool_guy_hope_he_beats_the_nickel_samurai/"&gt; &lt;img src="https://libreddit.privacy.qvarford.net/img/99v8qy1n43ca1.jpg" alt="What a cool guy, hope he beats the Nickel Samurai this time &#128591;&#128591;" title="What a cool guy,
            hope he beats the Nickel Samurai this time &#128591;&#128591;"&gt; &lt;/a&gt;&lt;/td&gt;
     &lt;td&gt;submitted by &lt;a href="https://libreddit.privacy.qvarford.net/user/Oh_Hey_Its_Big_Zam"&gt; /u/Oh_Hey_Its_Big_Zam &lt;/a&gt; &lt;br&gt; &lt;span&gt;&lt;a href="https://libreddit.privacy.qvarford.net/img/99v8qy1n43ca1.jpg"&gt;[link]&lt;/a&gt;&lt;/span&gt; &lt;span&gt;&lt;a href="https://libreddit.privacy.qvarford.net/r/AceAttorneyCirclejerk/comments/10bu04x/what_a_cool_guy_hope_he_beats_the_nickel_samurai/"&gt;[comments]&lt;/a&gt;&lt;/span&gt;&lt;/td&gt;
    &lt;/tr&gt;
   &lt;/tbody&gt;
  &lt;/table&gt;
 &lt;/body&gt;
&lt;/html&gt;</atom:content>
    </atom:entry>
    <atom:entry>
        <atom:id>t3_10bivnz</atom:id>
        <atom:link href="https://libreddit.privacy.qvarford.net/r/AceAttorneyCirclejerk/comments/10bivnz/the_ratings_rajah/"/>
        <atom:published>2023-01-14T07:49:06Z</atom:published>
        <atom:title>The Ratings Rajah</atom:title>
        <atom:content type="html">&lt;html&gt;
 &lt;head&gt;&lt;/head&gt;
 &lt;body&gt;
  &lt;table&gt;
   &lt;tbody&gt;
    &lt;tr&gt;
     &lt;td&gt;&lt;a href="https://libreddit.privacy.qvarford.net/r/AceAttorneyCirclejerk/comments/10bivnz/the_ratings_rajah/"&gt; &lt;img src="https://libreddit.privacy.qvarford.net/img/9ve4menwryba1.png" alt="The Ratings Rajah" title="The Ratings Rajah"&gt; &lt;/a&gt;&lt;/td&gt;
     &lt;td&gt;submitted by &lt;a href="https://libreddit.privacy.qvarford.net/user/Maple_Siraf"&gt; /u/Maple_Siraf &lt;/a&gt; &lt;br&gt; &lt;span&gt;&lt;a href="https://libreddit.privacy.qvarford.net/img/9ve4menwryba1.png"&gt;[link]&lt;/a&gt;&lt;/span&gt; &lt;span&gt;&lt;a href="https://libreddit.privacy.qvarford.net/r/AceAttorneyCirclejerk/comments/10bivnz/the_ratings_rajah/"&gt;[comments]&lt;/a&gt;&lt;/span&gt;&lt;/td&gt;
    &lt;/tr&gt;
   &lt;/tbody&gt;
  &lt;/table&gt;
 &lt;/body&gt;
&lt;/html&gt;</atom:content>
    </atom:entry>
    <atom:entry>
        <atom:id>t3_10az16h</atom:id>
        <atom:link href="https://libreddit.privacy.qvarford.net/r/AceAttorneyCirclejerk/comments/10az16h/so_hot/"/>
        <atom:published>2023-01-13T16:41:46Z</atom:published>
        <atom:title>So hot &#129397;&#129397;&#129397;</atom:title>
        <atom:content type="html">&lt;html&gt;
 &lt;head&gt;&lt;/head&gt;
 &lt;body&gt;
  &lt;table&gt;
   &lt;tbody&gt;
    &lt;tr&gt;
     &lt;td&gt;&lt;a href="https://libreddit.privacy.qvarford.net/r/AceAttorneyCirclejerk/comments/10az16h/so_hot/"&gt; &lt;img src="https://libreddit.privacy.qvarford.net/img/pnyt56ps9uba1.png" alt="So hot &#129397;&#129397;&#129397;" title="So hot &#129397;&#129397;&#129397;"&gt; &lt;/a&gt;&lt;/td&gt;
     &lt;td&gt;submitted by &lt;a href="https://libreddit.privacy.qvarford.net/user/Fravash1"&gt; /u/Fravash1 &lt;/a&gt; &lt;br&gt; &lt;span&gt;&lt;a href="https://libreddit.privacy.qvarford.net/img/pnyt56ps9uba1.png"&gt;[link]&lt;/a&gt;&lt;/span&gt; &lt;span&gt;&lt;a href="https://libreddit.privacy.qvarford.net/r/AceAttorneyCirclejerk/comments/10az16h/so_hot/"&gt;[comments]&lt;/a&gt;&lt;/span&gt;&lt;/td&gt;
    &lt;/tr&gt;
   &lt;/tbody&gt;
  &lt;/table&gt;
 &lt;/body&gt;
&lt;/html&gt;</atom:content>
    </atom:entry>
    <atom:entry>
        <atom:id>t3_10b0l3e</atom:id>
        <atom:link href="https://libreddit.privacy.qvarford.net/r/AceAttorneyCirclejerk/comments/10b0l3e/wow_what_a_nicelooking_man_surely_he_will_not/"/>
        <atom:published>2023-01-13T17:45:08Z</atom:published>
        <atom:title>Wow! What a nice-looking man! Surely, he will not unironically like eating raw beetroot and stealing it
            from farmers! (inspired by u/Not_sure_lmao)
        </atom:title>
        <atom:content type="html">&lt;html&gt;
 &lt;head&gt;&lt;/head&gt;
 &lt;body&gt;
  &lt;table&gt;
   &lt;tbody&gt;
    &lt;tr&gt;
     &lt;td&gt;&lt;a href="https://libreddit.privacy.qvarford.net/r/AceAttorneyCirclejerk/comments/10b0l3e/wow_what_a_nicelooking_man_surely_he_will_not/"&gt; &lt;img src="https://libreddit.privacy.qvarford.net/img/nv3wbw23luba1.jpg" alt="Wow! What a nice-looking man! Surely, he will not unironically like eating raw beetroot and
            stealing it from farmers! (inspired by u/Not_sure_lmao)" title="Wow! What a nice-looking man!
            Surely, he will not unironically like eating raw beetroot and stealing it from farmers! (inspired by
            u/Not_sure_lmao)"&gt; &lt;/a&gt;&lt;/td&gt;
     &lt;td&gt;submitted by &lt;a href="https://libreddit.privacy.qvarford.net/user/ancientrobot19"&gt; /u/ancientrobot19 &lt;/a&gt; &lt;br&gt; &lt;span&gt;&lt;a href="https://libreddit.privacy.qvarford.net/img/nv3wbw23luba1.jpg"&gt;[link]&lt;/a&gt;&lt;/span&gt; &lt;span&gt;&lt;a href="https://libreddit.privacy.qvarford.net/r/AceAttorneyCirclejerk/comments/10b0l3e/wow_what_a_nicelooking_man_surely_he_will_not/"&gt;[comments]&lt;/a&gt;&lt;/span&gt;&lt;/td&gt;
    &lt;/tr&gt;
   &lt;/tbody&gt;
  &lt;/table&gt;
 &lt;/body&gt;
&lt;/html&gt;</atom:content>
    </atom:entry>
    <atom:entry>
        <atom:id>t3_10arx3g</atom:id>
        <atom:link href="https://libreddit.privacy.qvarford.net/r/AceAttorneyCirclejerk/comments/10arx3g/someone_poisoned_kristophs_pissklavier_finds_this/"/>
        <atom:published>2023-01-13T11:09:11Z</atom:published>
        <atom:title>Someone poisoned Kristoph's piss(Klavier finds this very funny)</atom:title>
        <atom:content type="html">&lt;html&gt;
 &lt;head&gt;&lt;/head&gt;
 &lt;body&gt;
  &lt;table&gt;
   &lt;tbody&gt;
    &lt;tr&gt;
     &lt;td&gt;&lt;a href="https://libreddit.privacy.qvarford.net/r/AceAttorneyCirclejerk/comments/10arx3g/someone_poisoned_kristophs_pissklavier_finds_this/"&gt; &lt;img src="https://libreddit.privacy.qvarford.net/img/vv6srrja4uba1.jpg" alt="Someone poisoned Kristoph's piss(Klavier finds this very funny)" title="Someone poisoned
            Kristoph's piss(Klavier finds this very funny)"&gt; &lt;/a&gt;&lt;/td&gt;
     &lt;td&gt;submitted by &lt;a href="https://libreddit.privacy.qvarford.net/user/burakalp34"&gt; /u/burakalp34 &lt;/a&gt; &lt;br&gt; &lt;span&gt;&lt;a href="https://libreddit.privacy.qvarford.net/img/vv6srrja4uba1.jpg"&gt;[link]&lt;/a&gt;&lt;/span&gt; &lt;span&gt;&lt;a href="https://libreddit.privacy.qvarford.net/r/AceAttorneyCirclejerk/comments/10arx3g/someone_poisoned_kristophs_pissklavier_finds_this/"&gt;[comments]&lt;/a&gt;&lt;/span&gt;&lt;/td&gt;
    &lt;/tr&gt;
   &lt;/tbody&gt;
  &lt;/table&gt;
 &lt;/body&gt;
&lt;/html&gt;</atom:content>
    </atom:entry>
    <atom:entry>
        <atom:id>t3_10b2qdw</atom:id>
        <atom:link href="https://libreddit.privacy.qvarford.net/r/AceAttorneyCirclejerk/comments/10b2qdw/guys_how_do_i_pass_this_case_i_know_its_something/"/>
        <atom:published>2023-01-13T19:11:55Z</atom:published>
        <atom:title>Guys how do I pass this case, I know it's something to do with the gloves but I can't find the right
            option
        </atom:title>
        <atom:content type="html">&lt;html&gt;
 &lt;head&gt;&lt;/head&gt;
 &lt;body&gt;
  &lt;table&gt;
   &lt;tbody&gt;
    &lt;tr&gt;
     &lt;td&gt;&lt;a href="https://libreddit.privacy.qvarford.net/r/AceAttorneyCirclejerk/comments/10b2qdw/guys_how_do_i_pass_this_case_i_know_its_something/"&gt; &lt;img src="https://libreddit.privacy.qvarford.net/img/bwkoweyeiwba1.jpg" alt="Guys how do I pass this case, I know it's something to do with the gloves but I can't find the
            right option" title="Guys how do I pass this case, I know it's something to do with the gloves but
            I can't find the right option"&gt; &lt;/a&gt;&lt;/td&gt;
     &lt;td&gt;submitted by &lt;a href="https://libreddit.privacy.qvarford.net/user/burakalp34"&gt; /u/burakalp34 &lt;/a&gt; &lt;br&gt; &lt;span&gt;&lt;a href="https://libreddit.privacy.qvarford.net/img/bwkoweyeiwba1.jpg"&gt;[link]&lt;/a&gt;&lt;/span&gt; &lt;span&gt;&lt;a href="https://libreddit.privacy.qvarford.net/r/AceAttorneyCirclejerk/comments/10b2qdw/guys_how_do_i_pass_this_case_i_know_its_something/"&gt;[comments]&lt;/a&gt;&lt;/span&gt;&lt;/td&gt;
    &lt;/tr&gt;
   &lt;/tbody&gt;
  &lt;/table&gt;
 &lt;/body&gt;
&lt;/html&gt;</atom:content>
    </atom:entry>
    <atom:entry>
        <atom:id>t3_10atxnv</atom:id>
        <atom:link href="https://libreddit.privacy.qvarford.net/r/AceAttorneyCirclejerk/comments/10atxnv/carcinisation_or_carcinization_is_an_example_of/"/>
        <atom:published>2023-01-13T12:58:54Z</atom:published>
        <atom:title>Carcinisation (or carcinization) is an example of convergent evolution in which an Ace Attorney character
            evolves into a crab-like form from a non-crab-like form
        </atom:title>
        <atom:content type="html">&lt;html&gt;
 &lt;head&gt;&lt;/head&gt;
 &lt;body&gt;
  &lt;table&gt;
   &lt;tbody&gt;
    &lt;tr&gt;
     &lt;td&gt;&lt;a href="https://libreddit.privacy.qvarford.net/r/AceAttorneyCirclejerk/comments/10atxnv/carcinisation_or_carcinization_is_an_example_of/"&gt; &lt;img src="https://b.thumbs.redditmedia.com/RqkZiZsmUXDbZpZHZy1ugdwxQXhop_ghXUbHR0itG7g.jpg" alt="Carcinisation (or carcinization) is an example of convergent evolution in which an Ace Attorney
            character evolves into a crab-like form from a non-crab-like form" title="Carcinisation (or
            carcinization) is an example of convergent evolution in which an Ace Attorney character evolves into a
            crab-like form from a non-crab-like form"&gt; &lt;/a&gt;&lt;/td&gt;
     &lt;td&gt;submitted by &lt;a href="https://libreddit.privacy.qvarford.net/user/serniczek2"&gt; /u/serniczek2 &lt;/a&gt; &lt;br&gt; &lt;span&gt;&lt;a href="https://libreddit.privacy.qvarford.net/gallery/10atxnv"&gt;[link]&lt;/a&gt;&lt;/span&gt; &lt;span&gt;&lt;a href="https://libreddit.privacy.qvarford.net/r/AceAttorneyCirclejerk/comments/10atxnv/carcinisation_or_carcinization_is_an_example_of/"&gt;[comments]&lt;/a&gt;&lt;/span&gt;&lt;/td&gt;
    &lt;/tr&gt;
   &lt;/tbody&gt;
  &lt;/table&gt;
 &lt;/body&gt;
&lt;/html&gt;</atom:content>
    </atom:entry>
    <atom:entry>
        <atom:id>t3_10ayn48</atom:id>
        <atom:link href="https://libreddit.privacy.qvarford.net/r/AceAttorneyCirclejerk/comments/10ayn48/guys_i_fixed_it/"/>
        <atom:published>2023-01-13T16:25:44Z</atom:published>
        <atom:title>guys i fixed it</atom:title>
        <atom:content type="html">&lt;html&gt;
 &lt;head&gt;&lt;/head&gt;
 &lt;body&gt;
  &lt;table&gt;
   &lt;tbody&gt;
    &lt;tr&gt;
     &lt;td&gt;&lt;a href="https://libreddit.privacy.qvarford.net/r/AceAttorneyCirclejerk/comments/10ayn48/guys_i_fixed_it/"&gt; &lt;img src="https://libreddit.privacy.qvarford.net/img/isem6xk87uba1.png" alt="guys i fixed it" title="guys i fixed it"&gt; &lt;/a&gt;&lt;/td&gt;
     &lt;td&gt;submitted by &lt;a href="https://libreddit.privacy.qvarford.net/user/class378best2"&gt; /u/class378best2 &lt;/a&gt; &lt;br&gt; &lt;span&gt;&lt;a href="https://libreddit.privacy.qvarford.net/img/isem6xk87uba1.png"&gt;[link]&lt;/a&gt;&lt;/span&gt; &lt;span&gt;&lt;a href="https://libreddit.privacy.qvarford.net/r/AceAttorneyCirclejerk/comments/10ayn48/guys_i_fixed_it/"&gt;[comments]&lt;/a&gt;&lt;/span&gt;&lt;/td&gt;
    &lt;/tr&gt;
   &lt;/tbody&gt;
  &lt;/table&gt;
 &lt;/body&gt;
&lt;/html&gt;</atom:content>
    </atom:entry>
    <atom:entry>
        <atom:id>t3_10azbeg</atom:id>
        <atom:link href="https://libreddit.privacy.qvarford.net/r/AceAttorneyCirclejerk/comments/10azbeg/damn_girl/"/>
        <atom:published>2023-01-13T16:53:36Z</atom:published>
        <atom:title>Damn girl</atom:title>
        <atom:content type="html">&lt;html&gt;
 &lt;head&gt;&lt;/head&gt;
 &lt;body&gt;
  &lt;table&gt;
   &lt;tbody&gt;
    &lt;tr&gt;
     &lt;td&gt;&lt;a href="https://libreddit.privacy.qvarford.net/r/AceAttorneyCirclejerk/comments/10azbeg/damn_girl/"&gt; &lt;img src="https://libreddit.privacy.qvarford.net/preview/external-pre/QVSvxpERO6O5C7uRaT0T20SX6-H2fKx6enwRK-mJScI.png?width=640&amp;amp;crop=smart&amp;amp;auto=webp&amp;amp;s=5a3a3af810dd73ff9ed8c299d10e84278102d49a" alt="Damn girl" title="Damn girl"&gt; &lt;/a&gt;&lt;/td&gt;
     &lt;td&gt;submitted by &lt;a href="https://libreddit.privacy.qvarford.net/user/cosmideity"&gt; /u/cosmideity &lt;/a&gt; &lt;br&gt; &lt;span&gt;&lt;a href="https://v.redd.it/r63p1wd7cuba1"&gt;[link]&lt;/a&gt;&lt;/span&gt; &lt;span&gt;&lt;a href="https://libreddit.privacy.qvarford.net/r/AceAttorneyCirclejerk/comments/10azbeg/damn_girl/"&gt;[comments]&lt;/a&gt;&lt;/span&gt;&lt;/td&gt;
    &lt;/tr&gt;
   &lt;/tbody&gt;
  &lt;/table&gt;
 &lt;/body&gt;
&lt;/html&gt;</atom:content>
    </atom:entry>
    <atom:entry>
        <atom:id>t3_10ac0mi</atom:id>
        <atom:link href="https://libreddit.privacy.qvarford.net/r/AceAttorneyCirclejerk/comments/10ac0mi/your_honor_his_eyebrow_hair_shifted_36_nanometres/"/>
        <atom:published>2023-01-12T21:56:35Z</atom:published>
        <atom:title>Your honor, his eyebrow hair shifted 3.6 nanometres to the left when he made that statement, lock him
            up!
        </atom:title>
        <atom:content type="html">&lt;html&gt;
 &lt;head&gt;&lt;/head&gt;
 &lt;body&gt;
  &lt;table&gt;
   &lt;tbody&gt;
    &lt;tr&gt;
     &lt;td&gt;&lt;a href="https://libreddit.privacy.qvarford.net/r/AceAttorneyCirclejerk/comments/10ac0mi/your_honor_his_eyebrow_hair_shifted_36_nanometres/"&gt; &lt;img src="https://libreddit.privacy.qvarford.net/img/zdiqf5vv6qba1.jpg" alt="Your honor, his eyebrow hair shifted 3.6 nanometres to the left when he made that statement, lock
            him up!" title="Your honor, his eyebrow hair shifted 3.6 nanometres to the left when he made that
            statement, lock him up!"&gt; &lt;/a&gt;&lt;/td&gt;
     &lt;td&gt;submitted by &lt;a href="https://libreddit.privacy.qvarford.net/user/alibigoodoperator"&gt; /u/alibigoodoperator &lt;/a&gt; &lt;br&gt; &lt;span&gt;&lt;a href="https://libreddit.privacy.qvarford.net/img/zdiqf5vv6qba1.jpg"&gt;[link]&lt;/a&gt;&lt;/span&gt; &lt;span&gt;&lt;a href="https://libreddit.privacy.qvarford.net/r/AceAttorneyCirclejerk/comments/10ac0mi/your_honor_his_eyebrow_hair_shifted_36_nanometres/"&gt;[comments]&lt;/a&gt;&lt;/span&gt;&lt;/td&gt;
    &lt;/tr&gt;
   &lt;/tbody&gt;
  &lt;/table&gt;
 &lt;/body&gt;
&lt;/html&gt;</atom:content>
    </atom:entry>
    <atom:entry>
        <atom:id>t3_10awkti</atom:id>
        <atom:link href="https://libreddit.privacy.qvarford.net/r/AceAttorneyCirclejerk/comments/10awkti/apoollo_juice_test_shimeji/"/>
        <atom:published>2023-01-13T14:59:25Z</atom:published>
        <atom:title>apoollo juice test shimeji</atom:title>
        <atom:content type="html">&lt;html&gt;
 &lt;head&gt;&lt;/head&gt;
 &lt;body&gt;
  &lt;table&gt;
   &lt;tbody&gt;
    &lt;tr&gt;
     &lt;td&gt;&lt;a href="https://libreddit.privacy.qvarford.net/r/AceAttorneyCirclejerk/comments/10awkti/apoollo_juice_test_shimeji/"&gt; &lt;img src="https://libreddit.privacy.qvarford.net/preview/external-pre/B6ZrsLh56woFiWOiifH2A2DDfiSJuYSeoXTFGwQhXmM.png?width=640&amp;amp;crop=smart&amp;amp;auto=webp&amp;amp;s=34e8ae4db5c5b6e438a9a3aa7fea97d30067ac5c" alt="apoollo juice test shimeji" title="apoollo juice test shimeji"&gt; &lt;/a&gt;&lt;/td&gt;
     &lt;td&gt;submitted by &lt;a href="https://libreddit.privacy.qvarford.net/user/Key-Address-4550"&gt; /u/Key-Address-4550 &lt;/a&gt; &lt;br&gt; &lt;span&gt;&lt;a href="https://v.redd.it/1q7mpgfurtba1"&gt;[link]&lt;/a&gt;&lt;/span&gt; &lt;span&gt;&lt;a href="https://libreddit.privacy.qvarford.net/r/AceAttorneyCirclejerk/comments/10awkti/apoollo_juice_test_shimeji/"&gt;[comments]&lt;/a&gt;&lt;/span&gt;&lt;/td&gt;
    &lt;/tr&gt;
   &lt;/tbody&gt;
  &lt;/table&gt;
 &lt;/body&gt;
&lt;/html&gt;</atom:content>
    </atom:entry>
    <atom:entry>
        <atom:id>t3_10a4xrf</atom:id>
        <atom:link href="https://libreddit.privacy.qvarford.net/r/AceAttorneyCirclejerk/comments/10a4xrf/_/"/>
        <atom:published>2023-01-12T17:14:58Z</atom:published>
        <atom:title>!!!</atom:title>
        <atom:content type="html">&lt;html&gt;
 &lt;head&gt;&lt;/head&gt;
 &lt;body&gt;
  &lt;table&gt;
   &lt;tbody&gt;
    &lt;tr&gt;
     &lt;td&gt;&lt;a href="https://libreddit.privacy.qvarford.net/r/AceAttorneyCirclejerk/comments/10a4xrf/_/"&gt; &lt;img src="https://libreddit.privacy.qvarford.net/img/pviq12y3bnba1.png" alt="!!!" title="!!!"&gt; &lt;/a&gt;&lt;/td&gt;
     &lt;td&gt;submitted by &lt;a href="https://libreddit.privacy.qvarford.net/user/ShrimpingSomething"&gt; /u/ShrimpingSomething &lt;/a&gt; &lt;br&gt; &lt;span&gt;&lt;a href="https://libreddit.privacy.qvarford.net/img/pviq12y3bnba1.png"&gt;[link]&lt;/a&gt;&lt;/span&gt; &lt;span&gt;&lt;a href="https://libreddit.privacy.qvarford.net/r/AceAttorneyCirclejerk/comments/10a4xrf/_/"&gt;[comments]&lt;/a&gt;&lt;/span&gt;&lt;/td&gt;
    &lt;/tr&gt;
   &lt;/tbody&gt;
  &lt;/table&gt;
 &lt;/body&gt;
&lt;/html&gt;</atom:content>
    </atom:entry>
    <atom:entry>
        <atom:id>t3_10a04iz</atom:id>
        <atom:link href="https://libreddit.privacy.qvarford.net/r/AceAttorneyCirclejerk/comments/10a04iz/the_worst_meme_i_have_ever_made/"/>
        <atom:published>2023-01-12T13:51:02Z</atom:published>
        <atom:title>The worst meme I have ever made</atom:title>
        <atom:content type="html">&lt;html&gt;
 &lt;head&gt;&lt;/head&gt;
 &lt;body&gt;
  &lt;table&gt;
   &lt;tbody&gt;
    &lt;tr&gt;
     &lt;td&gt;&lt;a href="https://libreddit.privacy.qvarford.net/r/AceAttorneyCirclejerk/comments/10a04iz/the_worst_meme_i_have_ever_made/"&gt; &lt;img src="https://libreddit.privacy.qvarford.net/img/2jmfgz89snba1.jpg" alt="The worst meme I have ever made" title="The worst meme I have ever made"&gt; &lt;/a&gt;&lt;/td&gt;
     &lt;td&gt;submitted by &lt;a href="https://libreddit.privacy.qvarford.net/user/burakalp34"&gt; /u/burakalp34 &lt;/a&gt; &lt;br&gt; &lt;span&gt;&lt;a href="https://libreddit.privacy.qvarford.net/img/2jmfgz89snba1.jpg"&gt;[link]&lt;/a&gt;&lt;/span&gt; &lt;span&gt;&lt;a href="https://libreddit.privacy.qvarford.net/r/AceAttorneyCirclejerk/comments/10a04iz/the_worst_meme_i_have_ever_made/"&gt;[comments]&lt;/a&gt;&lt;/span&gt;&lt;/td&gt;
    &lt;/tr&gt;
   &lt;/tbody&gt;
  &lt;/table&gt;
 &lt;/body&gt;
&lt;/html&gt;</atom:content>
    </atom:entry>
    <atom:entry>
        <atom:id>t3_109urvd</atom:id>
        <atom:link href="https://libreddit.privacy.qvarford.net/r/AceAttorneyCirclejerk/comments/109urvd/the_judge_be_like/"/>
        <atom:published>2023-01-12T08:43:43Z</atom:published>
        <atom:title>The Judge be like</atom:title>
        <atom:content type="html">&lt;html&gt;
 &lt;head&gt;&lt;/head&gt;
 &lt;body&gt;
  &lt;table&gt;
   &lt;tbody&gt;
    &lt;tr&gt;
     &lt;td&gt;&lt;a href="https://libreddit.privacy.qvarford.net/r/AceAttorneyCirclejerk/comments/109urvd/the_judge_be_like/"&gt; &lt;img src="https://libreddit.privacy.qvarford.net/img/i1xgmngf9mba1.jpg" alt="The Judge be like" title="The Judge be like"&gt; &lt;/a&gt;&lt;/td&gt;
     &lt;td&gt;submitted by &lt;a href="https://libreddit.privacy.qvarford.net/user/burakalp34"&gt; /u/burakalp34 &lt;/a&gt; &lt;br&gt; &lt;span&gt;&lt;a href="https://libreddit.privacy.qvarford.net/img/i1xgmngf9mba1.jpg"&gt;[link]&lt;/a&gt;&lt;/span&gt; &lt;span&gt;&lt;a href="https://libreddit.privacy.qvarford.net/r/AceAttorneyCirclejerk/comments/109urvd/the_judge_be_like/"&gt;[comments]&lt;/a&gt;&lt;/span&gt;&lt;/td&gt;
    &lt;/tr&gt;
   &lt;/tbody&gt;
  &lt;/table&gt;
 &lt;/body&gt;
&lt;/html&gt;</atom:content>
    </atom:entry>
    <atom:entry>
        <atom:id>t3_10a7b7o</atom:id>
        <atom:link href="https://libreddit.privacy.qvarford.net/r/AceAttorneyCirclejerk/comments/10a7b7o/real/"/>
        <atom:published>2023-01-12T18:51:13Z</atom:published>
        <atom:title>real</atom:title>
        <atom:content type="html">&lt;html&gt;
 &lt;head&gt;&lt;/head&gt;
 &lt;body&gt;
  &lt;table&gt;
   &lt;tbody&gt;
    &lt;tr&gt;
     &lt;td&gt;&lt;a href="https://libreddit.privacy.qvarford.net/r/AceAttorneyCirclejerk/comments/10a7b7o/real/"&gt; &lt;img src="https://libreddit.privacy.qvarford.net/img/fhwosagasnba1.jpg" alt="real" title="real"&gt; &lt;/a&gt;&lt;/td&gt;
     &lt;td&gt;submitted by &lt;a href="https://libreddit.privacy.qvarford.net/user/ArtemSapog"&gt; /u/ArtemSapog &lt;/a&gt; &lt;br&gt; &lt;span&gt;&lt;a href="https://libreddit.privacy.qvarford.net/img/fhwosagasnba1.jpg"&gt;[link]&lt;/a&gt;&lt;/span&gt; &lt;span&gt;&lt;a href="https://libreddit.privacy.qvarford.net/r/AceAttorneyCirclejerk/comments/10a7b7o/real/"&gt;[comments]&lt;/a&gt;&lt;/span&gt;&lt;/td&gt;
    &lt;/tr&gt;
   &lt;/tbody&gt;
  &lt;/table&gt;
 &lt;/body&gt;
&lt;/html&gt;</atom:content>
    </atom:entry>
    <atom:entry>
        <atom:id>t3_10a64nd</atom:id>
        <atom:link href="https://libreddit.privacy.qvarford.net/r/AceAttorneyCirclejerk/comments/10a64nd/describe_a_character_in_your_favorite_case_as_a/"/>
        <atom:published>2023-01-12T18:03:28Z</atom:published>
        <atom:title>Describe a character in your favorite case as a Florida man headline</atom:title>
        <atom:content type="html">&lt;!-- SC_OFF --&gt;
&lt;html&gt;
 &lt;head&gt;&lt;/head&gt;
 &lt;body&gt;
  &lt;div class="md"&gt;
   &lt;p&gt;Example: Rookie Florida attorney solves a 12 year old case.&lt;/p&gt;
   &lt;p&gt;My example: Florida teen gets chess pieces thrown at him which gives him the strength to put his own father in jail.&lt;/p&gt;
  &lt;/div&gt;&lt;!-- SC_ON --&gt; submitted by &lt;a href="https://libreddit.privacy.qvarford.net/user/Grouchy-While9151"&gt; /u/Grouchy-While9151 &lt;/a&gt; &lt;br&gt; &lt;span&gt;&lt;a href="https://libreddit.privacy.qvarford.net/r/AceAttorneyCirclejerk/comments/10a64nd/describe_a_character_in_your_favorite_case_as_a/"&gt;[link]&lt;/a&gt;&lt;/span&gt; &lt;span&gt;&lt;a href="https://libreddit.privacy.qvarford.net/r/AceAttorneyCirclejerk/comments/10a64nd/describe_a_character_in_your_favorite_case_as_a/"&gt;[comments]&lt;/a&gt;&lt;/span&gt;
 &lt;/body&gt;
&lt;/html&gt;</atom:content>
    </atom:entry>
    <atom:entry>
        <atom:id>t3_109wjss</atom:id>
        <atom:link href="https://libreddit.privacy.qvarford.net/r/AceAttorneyCirclejerk/comments/109wjss/major_aai2_spoilers_but_moozilla_tho/"/>
        <atom:published>2023-01-12T10:34:39Z</atom:published>
        <atom:title>[MAJOR AAI2 SPOILERS] but Moozilla tho</atom:title>
        <atom:content type="html">&lt;html&gt;
 &lt;head&gt;&lt;/head&gt;
 &lt;body&gt;
  submitted by &lt;a href="https://libreddit.privacy.qvarford.net/user/poripato"&gt; /u/poripato &lt;/a&gt; &lt;br&gt; &lt;span&gt;&lt;a href="https://libreddit.privacy.qvarford.net/img/rpd0vs49blba1.png"&gt;[link]&lt;/a&gt;&lt;/span&gt; &lt;span&gt;&lt;a href="https://libreddit.privacy.qvarford.net/r/AceAttorneyCirclejerk/comments/109wjss/major_aai2_spoilers_but_moozilla_tho/"&gt;[comments]&lt;/a&gt;&lt;/span&gt;
 &lt;/body&gt;
&lt;/html&gt;</atom:content>
    </atom:entry>
    <atom:entry>
        <atom:id>t3_109uyob</atom:id>
        <atom:link href="https://libreddit.privacy.qvarford.net/r/AceAttorneyCirclejerk/comments/109uyob/whos_gonna_win/"/>
        <atom:published>2023-01-12T08:56:22Z</atom:published>
        <atom:title>Who's gonna win</atom:title>
        <atom:content type="html">&lt;html&gt;
 &lt;head&gt;&lt;/head&gt;
 &lt;body&gt;
  &lt;table&gt;
   &lt;tbody&gt;
    &lt;tr&gt;
     &lt;td&gt;&lt;a href="https://libreddit.privacy.qvarford.net/r/AceAttorneyCirclejerk/comments/109uyob/whos_gonna_win/"&gt; &lt;img src="https://libreddit.privacy.qvarford.net/img/dolkbvmobmba1.jpg" alt="Who's gonna win" title="Who's gonna win"&gt; &lt;/a&gt;&lt;/td&gt;
     &lt;td&gt;submitted by &lt;a href="https://libreddit.privacy.qvarford.net/user/burakalp34"&gt; /u/burakalp34 &lt;/a&gt; &lt;br&gt; &lt;span&gt;&lt;a href="https://libreddit.privacy.qvarford.net/img/dolkbvmobmba1.jpg"&gt;[link]&lt;/a&gt;&lt;/span&gt; &lt;span&gt;&lt;a href="https://libreddit.privacy.qvarford.net/r/AceAttorneyCirclejerk/comments/109uyob/whos_gonna_win/"&gt;[comments]&lt;/a&gt;&lt;/span&gt;&lt;/td&gt;
    &lt;/tr&gt;
   &lt;/tbody&gt;
  &lt;/table&gt;
 &lt;/body&gt;
&lt;/html&gt;</atom:content>
    </atom:entry>
    <atom:entry>
        <atom:id>t3_109dml2</atom:id>
        <atom:link href="https://libreddit.privacy.qvarford.net/r/AceAttorneyCirclejerk/comments/109dml2/ties_are_the_danganronpa_hair_of_ace_attorney/"/>
        <atom:published>2023-01-11T19:34:14Z</atom:published>
        <atom:title>ties are the Danganronpa hair of ace attorney</atom:title>
        <atom:content type="html">&lt;html&gt;
 &lt;head&gt;&lt;/head&gt;
 &lt;body&gt;
  &lt;table&gt;
   &lt;tbody&gt;
    &lt;tr&gt;
     &lt;td&gt;&lt;a href="https://libreddit.privacy.qvarford.net/r/AceAttorneyCirclejerk/comments/109dml2/ties_are_the_danganronpa_hair_of_ace_attorney/"&gt; &lt;img src="https://libreddit.privacy.qvarford.net/img/vesxhskkciba1.jpg" alt="ties are the Danganronpa hair of ace attorney" title="ties are the Danganronpa hair of
            ace attorney"&gt; &lt;/a&gt;&lt;/td&gt;
     &lt;td&gt;submitted by &lt;a href="https://libreddit.privacy.qvarford.net/user/NoThatsWright"&gt; /u/NoThatsWright &lt;/a&gt; &lt;br&gt; &lt;span&gt;&lt;a href="https://libreddit.privacy.qvarford.net/img/vesxhskkciba1.jpg"&gt;[link]&lt;/a&gt;&lt;/span&gt; &lt;span&gt;&lt;a href="https://libreddit.privacy.qvarford.net/r/AceAttorneyCirclejerk/comments/109dml2/ties_are_the_danganronpa_hair_of_ace_attorney/"&gt;[comments]&lt;/a&gt;&lt;/span&gt;&lt;/td&gt;
    &lt;/tr&gt;
   &lt;/tbody&gt;
  &lt;/table&gt;
 &lt;/body&gt;
&lt;/html&gt;</atom:content>
    </atom:entry>
    <atom:entry>
        <atom:id>t3_109q8dx</atom:id>
        <atom:link href="https://libreddit.privacy.qvarford.net/r/AceAttorneyCirclejerk/comments/109q8dx/both_have_been_in_a_murder_trial_too/"/>
        <atom:published>2023-01-12T04:29:01Z</atom:published>
        <atom:title>Both have been in a murder trial too :)</atom:title>
        <atom:content type="html">&lt;html&gt;
 &lt;head&gt;&lt;/head&gt;
 &lt;body&gt;
  &lt;table&gt;
   &lt;tbody&gt;
    &lt;tr&gt;
     &lt;td&gt;&lt;a href="https://libreddit.privacy.qvarford.net/r/AceAttorneyCirclejerk/comments/109q8dx/both_have_been_in_a_murder_trial_too/"&gt; &lt;img src="https://libreddit.privacy.qvarford.net/img/te15ygjzzkba1.png" alt="Both have been in a murder trial too :)" title="Both have been in a murder trial too :)"&gt; &lt;/a&gt;&lt;/td&gt;
     &lt;td&gt;submitted by &lt;a href="https://libreddit.privacy.qvarford.net/user/JazzyPringle"&gt; /u/JazzyPringle &lt;/a&gt; &lt;br&gt; &lt;span&gt;&lt;a href="https://libreddit.privacy.qvarford.net/img/te15ygjzzkba1.png"&gt;[link]&lt;/a&gt;&lt;/span&gt; &lt;span&gt;&lt;a href="https://libreddit.privacy.qvarford.net/r/AceAttorneyCirclejerk/comments/109q8dx/both_have_been_in_a_murder_trial_too/"&gt;[comments]&lt;/a&gt;&lt;/span&gt;&lt;/td&gt;
    &lt;/tr&gt;
   &lt;/tbody&gt;
  &lt;/table&gt;
 &lt;/body&gt;
&lt;/html&gt;</atom:content>
    </atom:entry>
    <atom:entry>
        <atom:id>t3_109s77o</atom:id>
        <atom:link href="https://libreddit.privacy.qvarford.net/r/AceAttorneyCirclejerk/comments/109s77o/spoilers_for_the_wrong_trowsers/"/>
        <atom:published>2023-01-12T06:11:32Z</atom:published>
        <atom:title>SPOILERS FOR THE WRONG TROWSERS!!!</atom:title>
        <atom:content type="html">&lt;html&gt;
 &lt;head&gt;&lt;/head&gt;
 &lt;body&gt;
  submitted by &lt;a href="https://libreddit.privacy.qvarford.net/user/AffectionateBee8206"&gt; /u/AffectionateBee8206 &lt;/a&gt; &lt;br&gt; &lt;span&gt;&lt;a href="https://libreddit.privacy.qvarford.net/img/bhk2805r0kba1.jpg"&gt;[link]&lt;/a&gt;&lt;/span&gt; &lt;span&gt;&lt;a href="https://libreddit.privacy.qvarford.net/r/AceAttorneyCirclejerk/comments/109s77o/spoilers_for_the_wrong_trowsers/"&gt;[comments]&lt;/a&gt;&lt;/span&gt;
 &lt;/body&gt;
&lt;/html&gt;</atom:content>
    </atom:entry>
    <atom:entry>
        <atom:id>t3_109gv8j</atom:id>
        <atom:link href="https://libreddit.privacy.qvarford.net/r/AceAttorneyCirclejerk/comments/109gv8j/and_we_thought_pisstoph_was_bad_enough/"/>
        <atom:published>2023-01-11T21:41:04Z</atom:published>
        <atom:title>And we thought Pisstoph was bad enough</atom:title>
        <atom:content type="html">&lt;html&gt;
 &lt;head&gt;&lt;/head&gt;
 &lt;body&gt;
  &lt;table&gt;
   &lt;tbody&gt;
    &lt;tr&gt;
     &lt;td&gt;&lt;a href="https://libreddit.privacy.qvarford.net/r/AceAttorneyCirclejerk/comments/109gv8j/and_we_thought_pisstoph_was_bad_enough/"&gt; &lt;img src="https://libreddit.privacy.qvarford.net/img/2g88zzc7ziba1.jpg" alt="And we thought Pisstoph was bad enough" title="And we thought Pisstoph was bad enough"&gt; &lt;/a&gt;&lt;/td&gt;
     &lt;td&gt;submitted by &lt;a href="https://libreddit.privacy.qvarford.net/user/sumboionline"&gt; /u/sumboionline &lt;/a&gt; &lt;br&gt; &lt;span&gt;&lt;a href="https://libreddit.privacy.qvarford.net/img/2g88zzc7ziba1.jpg"&gt;[link]&lt;/a&gt;&lt;/span&gt; &lt;span&gt;&lt;a href="https://libreddit.privacy.qvarford.net/r/AceAttorneyCirclejerk/comments/109gv8j/and_we_thought_pisstoph_was_bad_enough/"&gt;[comments]&lt;/a&gt;&lt;/span&gt;&lt;/td&gt;
    &lt;/tr&gt;
   &lt;/tbody&gt;
  &lt;/table&gt;
 &lt;/body&gt;
&lt;/html&gt;</atom:content>
    </atom:entry>
    <atom:entry>
        <atom:id>t3_1092zix</atom:id>
        <atom:link href="https://libreddit.privacy.qvarford.net/r/AceAttorneyCirclejerk/comments/1092zix/valentines_be_like/"/>
        <atom:published>2023-01-11T11:59:05Z</atom:published>
        <atom:title>valentines be like:</atom:title>
        <atom:content type="html">&lt;html&gt;
 &lt;head&gt;&lt;/head&gt;
 &lt;body&gt;
  &lt;table&gt;
   &lt;tbody&gt;
    &lt;tr&gt;
     &lt;td&gt;&lt;a href="https://libreddit.privacy.qvarford.net/r/AceAttorneyCirclejerk/comments/1092zix/valentines_be_like/"&gt; &lt;img src="https://libreddit.privacy.qvarford.net/img/ywek4q5d3gba1.png" alt="valentines be like:" title="valentines be like:"&gt; &lt;/a&gt;&lt;/td&gt;
     &lt;td&gt;submitted by &lt;a href="https://libreddit.privacy.qvarford.net/user/Key-Address-4550"&gt; /u/Key-Address-4550 &lt;/a&gt; &lt;br&gt; &lt;span&gt;&lt;a href="https://libreddit.privacy.qvarford.net/img/ywek4q5d3gba1.png"&gt;[link]&lt;/a&gt;&lt;/span&gt; &lt;span&gt;&lt;a href="https://libreddit.privacy.qvarford.net/r/AceAttorneyCirclejerk/comments/1092zix/valentines_be_like/"&gt;[comments]&lt;/a&gt;&lt;/span&gt;&lt;/td&gt;
    &lt;/tr&gt;
   &lt;/tbody&gt;
  &lt;/table&gt;
 &lt;/body&gt;
&lt;/html&gt;</atom:content>
    </atom:entry>
    <atom:entry>
        <atom:id>t3_1099cdu</atom:id>
        <atom:link href="https://libreddit.privacy.qvarford.net/r/AceAttorneyCirclejerk/comments/1099cdu/ok_then_he_likes_to_be_stepped_on_apparently/"/>
        <atom:published>2023-01-11T16:47:56Z</atom:published>
        <atom:title>Ok then he likes to be stepped on apparently</atom:title>
        <atom:content type="html">&lt;html&gt;
 &lt;head&gt;&lt;/head&gt;
 &lt;body&gt;
  &lt;table&gt;
   &lt;tbody&gt;
    &lt;tr&gt;
     &lt;td&gt;&lt;a href="https://libreddit.privacy.qvarford.net/r/AceAttorneyCirclejerk/comments/1099cdu/ok_then_he_likes_to_be_stepped_on_apparently/"&gt; &lt;img src="https://libreddit.privacy.qvarford.net/img/z53aanowihba1.jpg" alt="Ok then he likes to be stepped on apparently" title="Ok then he likes to be stepped on
            apparently"&gt; &lt;/a&gt;&lt;/td&gt;
     &lt;td&gt;submitted by &lt;a href="https://libreddit.privacy.qvarford.net/user/CommercialKey4144"&gt; /u/CommercialKey4144 &lt;/a&gt; &lt;br&gt; &lt;span&gt;&lt;a href="https://libreddit.privacy.qvarford.net/img/z53aanowihba1.jpg"&gt;[link]&lt;/a&gt;&lt;/span&gt; &lt;span&gt;&lt;a href="https://libreddit.privacy.qvarford.net/r/AceAttorneyCirclejerk/comments/1099cdu/ok_then_he_likes_to_be_stepped_on_apparently/"&gt;[comments]&lt;/a&gt;&lt;/span&gt;&lt;/td&gt;
    &lt;/tr&gt;
   &lt;/tbody&gt;
  &lt;/table&gt;
 &lt;/body&gt;
&lt;/html&gt;</atom:content>
    </atom:entry>
    <atom:entry>
        <atom:id>t3_109eo96</atom:id>
        <atom:link href="https://libreddit.privacy.qvarford.net/r/AceAttorneyCirclejerk/comments/109eo96/okay_something_thats_been_bothering_me_for_a/"/>
        <atom:published>2023-01-11T20:14:57Z</atom:published>
        <atom:title>Okay, something that’s been bothering me for a while: Kristoph Gavin’s piss, is it supposed to be pink or
            red?
        </atom:title>
        <atom:content type="html">&lt;html&gt;
 &lt;head&gt;&lt;/head&gt;
 &lt;body&gt;
  submitted by &lt;a href="https://libreddit.privacy.qvarford.net/user/Difficult-echo-53862"&gt; /u/Difficult-echo-53862 &lt;/a&gt; &lt;br&gt; &lt;span&gt;&lt;a href="https://libreddit.privacy.qvarford.net/r/AceAttorneyCirclejerk/comments/109eo96/okay_something_thats_been_bothering_me_for_a/"&gt;[link]&lt;/a&gt;&lt;/span&gt; &lt;span&gt;&lt;a href="https://libreddit.privacy.qvarford.net/r/AceAttorneyCirclejerk/comments/109eo96/okay_something_thats_been_bothering_me_for_a/"&gt;[comments]&lt;/a&gt;&lt;/span&gt;
 &lt;/body&gt;
&lt;/html&gt;</atom:content>
    </atom:entry>
</atom:feed>

]


net.qvarford.giraffeed.it.EnhancementResourceTest.nitterFeedsAreFetchedFromNitter=[
<?xml version="1.0" encoding="UTF-8" standalone="no"?>
<atom:feed xmlns:atom="http://www.w3.org/2005/Atom">
    <atom:icon>https://nitter.privacy.qvarford.net/pic/pbs.twimg.com%2Fprofile_images%2F1611832494382276608%2F337e3FQZ_400x400.jpg</atom:icon>
    <atom:title>slowbeef / @slowbeef</atom:title>
    <atom:entry>
        <atom:id>https://nitter.privacy.qvarford.net/WobblyPython/status/1636872484904652801#m</atom:id>
        <atom:link href="https://nitter.privacy.qvarford.net/WobblyPython/status/1636872484904652801#m"/>
        <atom:published>2023-03-17T23:29:46Z</atom:published>
        <atom:title>RT by @slowbeef: At one point this was 1: A warmup sketch that was gonna' take two minutes, and 2: Gonna' have text. But I feel like it's both done enough and better without it.</atom:title>
        <atom:content type="html">&lt;html&gt;
 &lt;head&gt;&lt;/head&gt;
 &lt;body&gt;
  &lt;p&gt;&lt;/p&gt;&lt;img src="https://nitter.privacy.qvarford.net/pic/media%2FFrdWuMoaIAAAqtU.png" style="max-width:250px;"&gt;
 &lt;/body&gt;
&lt;/html&gt;</atom:content>
    </atom:entry>
    <atom:entry>
        <atom:id>https://nitter.privacy.qvarford.net/InternetHippo/status/1635996454983548931#m</atom:id>
        <atom:link href="https://nitter.privacy.qvarford.net/InternetHippo/status/1635996454983548931#m"/>
        <atom:published>2023-03-15T13:28:44Z</atom:published>
        <atom:title>RT by @slowbeef: Thanks to a 3D reconstruction of his vocal chords, for the first time we can hear Julius Caesar's last words as they sounded during his assassination by the Senate</atom:title>
        <atom:content type="html">&lt;html&gt;
 &lt;head&gt;&lt;/head&gt;
 &lt;body&gt;
  &lt;p&gt;&lt;/p&gt;&lt;img src="https://nitter.privacy.qvarford.net/pic/ext_tw_video_thumb%2F1635996145804537856%2Fpu%2Fimg%2FcE-J0yNDquaaogx-.jpg" style="max-width:250px;"&gt;
 &lt;/body&gt;
&lt;/html&gt;</atom:content>
    </atom:entry>
    <atom:entry>
        <atom:id>https://nitter.privacy.qvarford.net/teamzutsuu/status/1636413497256067072#m</atom:id>
        <atom:link href="https://nitter.privacy.qvarford.net/teamzutsuu/status/1636413497256067072#m"/>
        <atom:published>2023-03-16T17:05:55Z</atom:published>
        <atom:title>RT by @slowbeef: If you prefer a phsyical copy that comes with a Steam Key, we also have those available on etsy!

                https://www.etsy.com/shop/teamzutsuu/?etsrc=sdt</atom:title>
        <atom:content type="html">&lt;html&gt;
 &lt;head&gt;&lt;/head&gt;
 &lt;body&gt;
  &lt;p&gt;&lt;br&gt;&lt;br&gt;&lt;a href="https://www.etsy.com/shop/teamzutsuu/?etsrc=sdt"&gt;&lt;/a&gt;&lt;/p&gt;&lt;img src="https://nitter.privacy.qvarford.net/pic/card_img%2F1636643820459655168%2F_50W6U40%3Fformat%3Djpg%26name%3D800x320_1" style="max-width:250px;"&gt;
 &lt;/body&gt;
&lt;/html&gt;</atom:content>
    </atom:entry>
    <atom:entry>
        <atom:id>https://nitter.privacy.qvarford.net/teamzutsuu/status/1636413240774385665#m</atom:id>
        <atom:link href="https://nitter.privacy.qvarford.net/teamzutsuu/status/1636413240774385665#m"/>
        <atom:published>2023-03-16T17:04:54Z</atom:published>
        <atom:title>RT by @slowbeef: Some of the most heavily afflicted villagers have been moved to the Servants' Quarters in the Manor. Use your psychic powers to see through their eyes and the sliding doors to make your way through.

                Atama is 50% off on the Steam Spring Sale!</atom:title>
        <atom:content type="html">&lt;html&gt;
 &lt;head&gt;&lt;/head&gt;
 &lt;body&gt;
  &lt;p&gt;&lt;br&gt;&lt;br&gt;&lt;/p&gt;&lt;img src="https://nitter.privacy.qvarford.net/pic/ext_tw_video_thumb%2F1636412193691295745%2Fpu%2Fimg%2Fcg1_M85wlE9SEX3Y.jpg" style="max-width:250px;"&gt;
 &lt;/body&gt;
&lt;/html&gt;</atom:content>
    </atom:entry>
    <atom:entry>
        <atom:id>https://nitter.privacy.qvarford.net/slowbeef/status/1636515715606884353#m</atom:id>
        <atom:link href="https://nitter.privacy.qvarford.net/slowbeef/status/1636515715606884353#m"/>
        <atom:published>2023-03-16T23:52:06Z</atom:published>
        <atom:title>Fight Palace with @Madithen in about an hour and change! We're gonna start filling this bad boy out!</atom:title>
        <atom:content type="html">&lt;html&gt;
 &lt;head&gt;&lt;/head&gt;
 &lt;body&gt;
  &lt;p&gt;&lt;a href="https://nitter.privacy.qvarford.net/Madithen" title="Madithen"&gt;&lt;/a&gt;&lt;/p&gt;&lt;img src="https://nitter.privacy.qvarford.net/pic/media%2FFrYSPJSWAAUrbzC.png" style="max-width:250px;"&gt;
 &lt;/body&gt;
&lt;/html&gt;</atom:content>
    </atom:entry>
    <atom:entry>
        <atom:id>https://nitter.privacy.qvarford.net/CaseyExplosion/status/1636414157171093505#m</atom:id>
        <atom:link href="https://nitter.privacy.qvarford.net/CaseyExplosion/status/1636414157171093505#m"/>
        <atom:published>2023-03-16T17:08:32Z</atom:published>
        <atom:title>RT by @slowbeef: Huh, Steam is having a sale, and they're giving a discount on the Steam Deck - 10% off. If anyone's been interested in one, I'd highly recommend it. I'm using mine constantly.

                https://store.steampowered.com/sale/decktop100</atom:title>
        <atom:content type="html">&lt;html&gt;
 &lt;head&gt;&lt;/head&gt;
 &lt;body&gt;
  &lt;p&gt;&lt;br&gt;&lt;br&gt;&lt;a href="https://store.steampowered.com/sale/decktop100"&gt;&lt;/a&gt;&lt;/p&gt;&lt;img src="https://nitter.privacy.qvarford.net/pic/card_img%2F1636412185076441090%2FmvsBVJlq%3Fformat%3Djpg%26name%3D800x320_1" style="max-width:250px;"&gt;
 &lt;/body&gt;
&lt;/html&gt;</atom:content>
    </atom:entry>
    <atom:entry>
        <atom:id>https://nitter.privacy.qvarford.net/Wario64/status/1636347494140628992#m</atom:id>
        <atom:link href="https://nitter.privacy.qvarford.net/Wario64/status/1636347494140628992#m"/>
        <atom:published>2023-03-16T12:43:39Z</atom:published>
        <atom:title>RT by @slowbeef: Stranger of Paradise Final Fantasy Origin is coming to Steam on April 6th https://www.youtube.com/watch?v=HYr9uqtCz3c&amp;ab_channel=FINALFANTASY</atom:title>
        <atom:content type="html">&lt;html&gt;
 &lt;head&gt;&lt;/head&gt;
 &lt;body&gt;
  &lt;p&gt;&lt;a href="https://invidious.privacy.qvarford.net/watch?v=HYr9uqtCz3c&amp;amp;ab_channel=FINALFANTASY"&gt;&lt;/a&gt;&lt;/p&gt;&lt;img src="https://nitter.privacy.qvarford.net/pic/media%2FFrV5SBCakAAEnR5.jpg" style="max-width:250px;"&gt;
 &lt;/body&gt;
&lt;/html&gt;</atom:content>
    </atom:entry>
    <atom:entry>
        <atom:id>https://nitter.privacy.qvarford.net/deadstaticdrive/status/1506389570224488451#m</atom:id>
        <atom:link href="https://nitter.privacy.qvarford.net/deadstaticdrive/status/1506389570224488451#m"/>
        <atom:published>2022-03-22T21:57:15Z</atom:published>
        <atom:title>RT by @slowbeef: Dead Static Drive is Grand Theft Cthulhu

                &#128140; Mailing list - http://bit.ly/2SBJUx3
                &#127918; Steam wishlist - http://bit.ly/3w0mxzZ
                &#128227; Discord - http://discord.gg/juxf2vn2JK
                &#127797;Trailer - https://youtu.be/eTfZzwydEWQ

                ✏️ Press - http://deadstaticdrive.com | press@reuben.games</atom:title>
        <atom:content type="html">&lt;html&gt;
 &lt;head&gt;&lt;/head&gt;
 &lt;body&gt;
  &lt;p&gt;&lt;br&gt;&lt;br&gt;&lt;a href="http://bit.ly/2SBJUx3"&gt;&lt;/a&gt;&lt;br&gt;&lt;a href="http://bit.ly/3w0mxzZ"&gt;&lt;/a&gt;&lt;br&gt;&lt;a href="http://discord.gg/juxf2vn2JK"&gt;&lt;/a&gt;&lt;br&gt;&lt;a href="https://invidious.privacy.qvarford.net/eTfZzwydEWQ"&gt;&lt;/a&gt;&lt;br&gt;&lt;br&gt;&lt;a href="http://deadstaticdrive.com"&gt;&lt;/a&gt;&lt;/p&gt;
  &lt;video poster="https://nitter.privacy.qvarford.net/pic/tweet_video_thumb%2FFOfFCEOVUAAEk6x.jpg" autoplay muted loop style="max-width:250px;"&gt;&lt;source src="https://nitter.privacy.qvarford.net/pic/video.twimg.com%2Ftweet_video%2FFOfFCEOVUAAEk6x.mp4" type="video/mp4"&gt;
  &lt;/video&gt;
 &lt;/body&gt;
&lt;/html&gt;</atom:content>
    </atom:entry>
    <atom:entry>
        <atom:id>https://nitter.privacy.qvarford.net/slowbeef/status/1636150034143084546#m</atom:id>
        <atom:link href="https://nitter.privacy.qvarford.net/slowbeef/status/1636150034143084546#m"/>
        <atom:published>2023-03-15T23:39:00Z</atom:published>
        <atom:title>R to @slowbeef: Oh glad I saved this one for last</atom:title>
        <atom:content type="html">&lt;html&gt;
 &lt;head&gt;&lt;/head&gt;
 &lt;body&gt;
  &lt;p&gt;&lt;/p&gt;&lt;img src="https://nitter.privacy.qvarford.net/pic/media%2FFrTFyJMX0AI9EOj.jpg" style="max-width:250px;"&gt;
 &lt;/body&gt;
&lt;/html&gt;</atom:content>
    </atom:entry>
    <atom:entry>
        <atom:id>https://nitter.privacy.qvarford.net/slowbeef/status/1636149683629223939#m</atom:id>
        <atom:link href="https://nitter.privacy.qvarford.net/slowbeef/status/1636149683629223939#m"/>
        <atom:published>2023-03-15T23:37:37Z</atom:published>
        <atom:title>My daughter wrote 3 books I am unironically excited to read</atom:title>
        <atom:content type="html">&lt;html&gt;
 &lt;head&gt;&lt;/head&gt;
 &lt;body&gt;
  &lt;p&gt;&lt;/p&gt;&lt;img src="https://nitter.privacy.qvarford.net/pic/media%2FFrTFdrDWAAACWDx.jpg" style="max-width:250px;"&gt;
 &lt;/body&gt;
&lt;/html&gt;</atom:content>
    </atom:entry>
    <atom:entry>
        <atom:id>https://nitter.privacy.qvarford.net/chetfaliszek/status/1635743397767176193#m</atom:id>
        <atom:link href="https://nitter.privacy.qvarford.net/chetfaliszek/status/1635743397767176193#m"/>
        <atom:published>2023-03-14T20:43:11Z</atom:published>
        <atom:title>RT by @slowbeef: Or maybe... after 31 updates, @anacrusisgame is going to hell... in a good way - join us thursday for the big update.</atom:title>
        <atom:content type="html">&lt;html&gt;
 &lt;head&gt;&lt;/head&gt;
 &lt;body&gt;
  &lt;p&gt;&lt;a href="https://nitter.privacy.qvarford.net/anacrusisgame" title="The Anacrusis"&gt;&lt;/a&gt;&lt;/p&gt;&lt;img src="https://nitter.privacy.qvarford.net/pic/media%2FFrNT294aQAAqprf.jpg" style="max-width:250px;"&gt;
 &lt;/body&gt;
&lt;/html&gt;</atom:content>
    </atom:entry>
</atom:feed>

]